Product: MDK-ARM Professional 5.10
Component: ARM Compiler 5.04 update 1 (build 49)
Tool: armlink [5040049]

==============================================================================

Small function inlining results

Inlined total of 0 calls.

==============================================================================

Section Cross References

    system_mini58series.o(.text) refers to uidiv.o(.text) for __aeabi_uidivmod
    system_mini58series.o(.text) refers to system_mini58series.o(.data) for .data
    startup_mini58series.o(RESET) refers to startup_mini58series.o(STACK) for __initial_sp
    startup_mini58series.o(RESET) refers to startup_mini58series.o(.text) for Reset_Handler
    startup_mini58series.o(RESET) refers to retarget.o(.emb_text) for HardFault_Handler
    startup_mini58series.o(RESET) refers to timer_ctrl.o(.text) for SysTick_Handler
    startup_mini58series.o(RESET) refers to sleepctrl.o(.text) for GPIO234_IRQHandler
    startup_mini58series.o(RESET) refers to uartctrl.o(.text) for UART0_IRQHandler
    startup_mini58series.o(RESET) refers to nvt_i2c.o(.text) for I2C0_IRQHandler
    startup_mini58series.o(RESET) refers to battery.o(.text) for ADC_IRQHandler
    startup_mini58series.o(.text) refers to entry.o(.ARM.Collect$$$$00000000) for __main
    uart.o(.text) refers to uidiv.o(.text) for __aeabi_uidivmod
    uart.o(.text) refers to system_mini58series.o(.data) for __HSI
    uart.o(.text) refers to uidiv.o(.text) for __aeabi_uidivmod
    uart.o(.text) refers to uart.o(.text) for CLK_GetPLLClockFreq
    uart.o(.text) refers to system_mini58series.o(.data) for __HSI
    uart.o(.text) refers to uidiv.o(.text) for __aeabi_uidivmod
    uart.o(.text) refers to uart.o(.text) for CLK_GetPLLClockFreq
    uart.o(.text) refers to system_mini58series.o(.data) for __HSI
    retarget.o(.emb_text) refers to retarget.o(.text) for Hard_Fault_Handler
    retarget.o(.text) refers to printfa.o(i.__0printf) for __2printf
    retarget.o(.text) refers to retarget.o(.text) for SendChar_ToUART
    retarget.o(.text) refers to retarget.o(.text) for SendChar_ToUART
    retarget.o(.text) refers to retarget.o(.text) for GetChar
    clk.o(.text) refers to system_mini58series.o(.text) for SystemCoreClockUpdate
    clk.o(.text) refers to system_mini58series.o(.data) for SystemCoreClock
    clk.o(.text) refers to system_mini58series.o(.text) for SystemCoreClockUpdate
    clk.o(.text) refers to system_mini58series.o(.data) for SystemCoreClock
    clk.o(.text) refers to system_mini58series.o(.text) for SystemCoreClockUpdate
    clk.o(.text) refers to clk.o(.text) for CLK_DisablePLL
    clk.o(.text) refers to clk.o(.text) for CLK_WaitClockReady
    clk.o(.text) refers to uidiv.o(.text) for __aeabi_uidivmod
    clk.o(.text) refers to clk.o(.text) for CLK_WaitClockReady
    clk.o(.text) refers to clk.o(.text) for CLK_EnablePLL
    clk.o(.text) refers to system_mini58series.o(.data) for CyclesPerUs
    i2c.o(.text) refers to uidiv.o(.text) for __aeabi_uidivmod
    i2c.o(.text) refers to system_mini58series.o(.data) for SystemCoreClock
    i2c.o(.text) refers to uidiv.o(.text) for __aeabi_uidivmod
    i2c.o(.text) refers to system_mini58series.o(.data) for SystemCoreClock
    i2c.o(.text) refers to uidiv.o(.text) for __aeabi_uidivmod
    i2c.o(.text) refers to system_mini58series.o(.data) for SystemCoreClock
    pwm.o(.text) refers to uidiv.o(.text) for __aeabi_uidivmod
    pwm.o(.text) refers to system_mini58series.o(.data) for SystemCoreClock
    spi.o(.text) refers to uidiv.o(.text) for __aeabi_uidivmod
    spi.o(.text) refers to clk.o(.text) for CLK_GetHCLKFreq
    spi.o(.text) refers to uidiv.o(.text) for __aeabi_uidivmod
    spi.o(.text) refers to clk.o(.text) for CLK_GetHXTFreq
    spi.o(.text) refers to clk.o(.text) for CLK_GetLXTFreq
    spi.o(.text) refers to spi.o(.text) for CLK_GetPLLClockFreq
    spi.o(.text) refers to spi.o(.text) for SPI_SetBusClock
    spi.o(.text) refers to clk.o(.text) for CLK_GetHCLKFreq
    spi.o(.text) refers to uidiv.o(.text) for __aeabi_uidivmod
    spi.o(.text) refers to clk.o(.text) for CLK_GetHXTFreq
    spi.o(.text) refers to clk.o(.text) for CLK_GetLXTFreq
    spi.o(.text) refers to spi.o(.text) for CLK_GetPLLClockFreq
    timer.o(.text) refers to system_mini58series.o(.data) for __HSI
    timer.o(.text) refers to system_mini58series.o(.data) for SystemCoreClock
    timer.o(.text) refers to timer.o(.text) for TIMER_GetModuleClock
    timer.o(.text) refers to uidiv.o(.text) for __aeabi_uidivmod
    timer.o(.text) refers to timer.o(.text) for TIMER_GetModuleClock
    timer.o(.text) refers to uidiv.o(.text) for __aeabi_uidivmod
    timer.o(.text) refers to ffltui.o(.text) for __aeabi_ui2f
    timer.o(.text) refers to fmul.o(.text) for __aeabi_fmul
    timer.o(.text) refers to fdiv.o(.text) for __aeabi_fdiv
    timer.o(.text) refers to ffixui.o(.text) for __aeabi_f2uiz
[...]
    .text                                    0x00004b5e   Section        0  ffltui.o(.text)
    .text                                    0x00004b6c   Section        0  ffixi.o(.text)
    .text                                    0x00004b9e   Section        0  f2d.o(.text)
    .text                                    0x00004bc6   Section        0  d2f.o(.text)
    .text                                    0x00004bfe   Section        0  uldiv.o(.text)
    .text                                    0x00004c5e   Section        0  llshl.o(.text)
    .text                                    0x00004c7e   Section        0  llsshr.o(.text)
    .text                                    0x00004ca4   Section        0  strtod.o(.text)
    _local_sscanf                            0x00004ca5   Thumb Code    54  strtod.o(.text)
    .text                                    0x00004d48   Section        0  strtol.o(.text)
    .text                                    0x00004db8   Section        0  iusefp.o(.text)
    .text                                    0x00004db8   Section        0  fepilogue.o(.text)
    .text                                    0x00004e3a   Section        0  frnd.o(.text)
    .text                                    0x00004e78   Section        0  depilogue.o(.text)
    .text                                    0x00004f36   Section        0  dsqrt.o(.text)
    .text                                    0x00004fd8   Section        0  dfixul.o(.text)
    .text                                    0x00005018   Section       40  cdrcmple.o(.text)
    .text                                    0x00005040   Section       36  init.o(.text)
    .text                                    0x00005064   Section        0  llushr.o(.text)
    .text                                    0x00005088   Section        0  ctype_o.o(.text)
    .text                                    0x00005090   Section        0  isspace_o.o(.text)
    .text                                    0x000050a4   Section        0  scanf_fp.o(.text)
    _fp_value                                0x000050a5   Thumb Code   246  scanf_fp.o(.text)
    .text                                    0x000053f0   Section        0  _sgetc.o(.text)
    .text                                    0x00005434   Section        0  _strtoul.o(.text)
    .text                                    0x000054da   Section        0  llmul.o(.text)
    .text                                    0x00005554   Section        0  _chval.o(.text)
    .text                                    0x00005574   Section        0  dfltul.o(.text)
    i.__0printf                              0x00005590   Section        0  printfa.o(i.__0printf)
    i.__ARM_clz                              0x000055b0   Section        0  depilogue.o(i.__ARM_clz)
    i.__ARM_common_ll_muluu                  0x000055de   Section        0  rredf.o(i.__ARM_common_ll_muluu)
    i.__ARM_common_switch8                   0x00005610   Section        0  comm.o(i.__ARM_common_switch8)
    i.__ARM_fpclassify                       0x0000562c   Section        0  fpclassify.o(i.__ARM_fpclassify)
    i.__ARM_fpclassifyf                      0x00005658   Section        0  fpclassifyf.o(i.__ARM_fpclassifyf)
    i.__ARM_isinff                           0x0000567a   Section        0  filter.o(i.__ARM_isinff)
    i.__ARM_isnanf                           0x0000568c   Section        0  filter.o(i.__ARM_isnanf)
    i.__aeabi_errno_addr                     0x0000569c   Section        0  errno.o(i.__aeabi_errno_addr)
    i.__kernel_poly                          0x000056a4   Section        0  poly.o(i.__kernel_poly)
    i.__mathlib_dbl_underflow                0x00005750   Section        0  dunder.o(i.__mathlib_dbl_underflow)
    i.__mathlib_flt_underflow                0x00005764   Section        0  funder.o(i.__mathlib_flt_underflow)
    i.__mathlib_rredf2                       0x00005774   Section        0  rredf.o(i.__mathlib_rredf2)
    i.__read_errno                           0x000058e0   Section        0  errno.o(i.__read_errno)
    i.__scatterload_copy                     0x000058ec   Section       14  handlers.o(i.__scatterload_copy)
    i.__scatterload_null                     0x000058fa   Section        2  handlers.o(i.__scatterload_null)
    i.__scatterload_zeroinit                 0x000058fc   Section       14  handlers.o(i.__scatterload_zeroinit)
    i.__set_errno                            0x0000590c   Section        0  errno.o(i.__set_errno)
    i._fp_digits                             0x00005918   Section        0  printfa.o(i._fp_digits)
    _fp_digits                               0x00005919   Thumb Code   316  printfa.o(i._fp_digits)
    i._is_digit                              0x00005a70   Section        0  scanf_fp.o(i._is_digit)
    i._printf_core                           0x00005a80   Section        0  printfa.o(i._printf_core)
    _printf_core                             0x00005a81   Thumb Code  1754  printfa.o(i._printf_core)
    i._printf_post_padding                   0x0000616c   Section        0  printfa.o(i._printf_post_padding)
    _printf_post_padding                     0x0000616d   Thumb Code    32  printfa.o(i._printf_post_padding)
    i._printf_pre_padding                    0x0000618c   Section        0  printfa.o(i._printf_pre_padding)
    _printf_pre_padding                      0x0000618d   Thumb Code    44  printfa.o(i._printf_pre_padding)
    i.asin                                   0x000061b8   Section        0  asin.o(i.asin)
    i.atan                                   0x00006434   Section        0  atan.o(i.atan)
    i.atan2                                  0x00006654   Section        0  atan2.o(i.atan2)
    i.atan2f                                 0x000067cc   Section        0  atan2f.o(i.atan2f)
    i.atof                                   0x00006a20   Section        0  atof.o(i.atof)
    i.cosf                                   0x00006a4c   Section        0  cosf.o(i.cosf)
    i.sinf                                   0x00006bc8   Section        0  sinf.o(i.sinf)
    i.sqrt                                   0x00006d50   Section        0  sqrt.o(i.sqrt)
    i.tanf                                   0x00006d98   Section        0  tanf.o(i.tanf)
    .constdata                               0x00006f08   Section       36  imuso3.o(.constdata)
    .constdata                               0x00006f2c   Section       36  rf.o(.constdata)
    .constdata                               0x00006f50   Section       80  asin.o(.constdata)
    pS                                       0x00006f50   Data          48  asin.o(.constdata)
    qS                                       0x00006f80   Data          32  asin.o(.constdata)
    .constdata                               0x00006fa0   Section      152  atan.o(.constdata)
    atanhi                                   0x00006fa0   Data          32  atan.o(.constdata)
    atanlo                                   0x00006fc0   Data          32  atan.o(.constdata)
    aTodd                                    0x00006fe0   Data          40  atan.o(.constdata)
    aTeven                                   0x00007008   Data          48  atan.o(.constdata)
    .constdata                               0x00007038   Section        8  qnan.o(.constdata)
    .constdata                               0x00007040   Section       32  rredf.o(.constdata)
    twooverpi                                0x00007040   Data          32  rredf.o(.constdata)
    .constdata                               0x00007060   Section      129  ctype_o.o(.constdata)
    .constdata                               0x000070e4   Section        4  ctype_o.o(.constdata)
    table                                    0x000070e4   Data           4  ctype_o.o(.constdata)
    .conststring                             0x000070e8   Section      135  report.o(.conststring)
    .data                                    0x20000000   Section        4  system_mini58series.o(.data)
    .data                                    0x20000004   Section       12  system_mini58series.o(.data)
    .data                                    0x20000010   Section        4  retarget.o(.data)
    .data                                    0x20000014   Section        8  main.o(.data)
    falg                                     0x20000014   Data           1  main.o(.data)
    nextTick                                 0x20000018   Data           4  main.o(.data)
    .data                                    0x2000001c   Section        1  led.o(.data)
    .data                                    0x20000020   Section        8  timer_ctrl.o(.data)
    .data                                    0x20000028   Section        8  motor.o(.data)
    .data                                    0x20000030   Section        4  battery.o(.data)
    .data                                    0x20000034   Section        3  uartctrl.o(.data)
    .data                                    0x20000038   Section        4  flashctrl.o(.data)
    .data                                    0x2000003c   Section        4  rc.o(.data)
    .data                                    0x20000040   Section       28  control.o(.data)
    .data                                    0x2000005c   Section       12  nvt_i2c.o(.data)
    s_I2C0HandlerFn                          0x20000064   Data           4  nvt_i2c.o(.data)
    .data                                    0x20000068   Section      192  filter.o(.data)
    _cutoff_freq1                            0x20000068   Data           4  filter.o(.data)
    _a11                                     0x2000006c   Data           4  filter.o(.data)
    _a21                                     0x20000070   Data           4  filter.o(.data)
    _b01                                     0x20000074   Data           4  filter.o(.data)
    _b11                                     0x20000078   Data           4  filter.o(.data)
    _b21                                     0x2000007c   Data           4  filter.o(.data)
    _delay_element_11                        0x20000080   Data           4  filter.o(.data)
    _delay_element_21                        0x20000084   Data           4  filter.o(.data)
    _cutoff_freq2                            0x20000088   Data           4  filter.o(.data)
    _a12                                     0x2000008c   Data           4  filter.o(.data)
    _a22                                     0x20000090   Data           4  filter.o(.data)
    _b02                                     0x20000094   Data           4  filter.o(.data)
    _b12                                     0x20000098   Data           4  filter.o(.data)
    _b22                                     0x2000009c   Data           4  filter.o(.data)
    _delay_element_12                        0x200000a0   Data           4  filter.o(.data)
    _delay_element_22                        0x200000a4   Data           4  filter.o(.data)
    _cutoff_freq3                            0x200000a8   Data           4  filter.o(.data)
    _a13                                     0x200000ac   Data           4  filter.o(.data)
    _a23                                     0x200000b0   Data           4  filter.o(.data)
    _b03                                     0x200000b4   Data           4  filter.o(.data)
    _b13                                     0x200000b8   Data           4  filter.o(.data)
    _b23                                     0x200000bc   Data           4  filter.o(.data)
    _delay_element_13                        0x200000c0   Data           4  filter.o(.data)
    _delay_element_23                        0x200000c4   Data           4  filter.o(.data)
    _cutoff_freq4                            0x200000c8   Data           4  filter.o(.data)
    _a14                                     0x200000cc   Data           4  filter.o(.data)
    _a24                                     0x200000d0   Data           4  filter.o(.data)
    _b04                                     0x200000d4   Data           4  filter.o(.data)
    _b14                                     0x200000d8   Data           4  filter.o(.data)
    _b24                                     0x200000dc   Data           4  filter.o(.data)
    _delay_element_14                        0x200000e0   Data           4  filter.o(.data)
    _delay_element_24                        0x200000e4   Data           4  filter.o(.data)
    _cutoff_freq5                            0x200000e8   Data           4  filter.o(.data)
    _a15                                     0x200000ec   Data           4  filter.o(.data)
    _a25                                     0x200000f0   Data           4  filter.o(.data)
    _b05                                     0x200000f4   Data           4  filter.o(.data)
    _b15                                     0x200000f8   Data           4  filter.o(.data)
    _b25                                     0x200000fc   Data           4  filter.o(.data)
    _delay_element_15                        0x20000100   Data           4  filter.o(.data)
    _delay_element_25                        0x20000104   Data           4  filter.o(.data)
    _cutoff_freq6                            0x20000108   Data           4  filter.o(.data)
    _a16                                     0x2000010c   Data           4  filter.o(.data)
    _a26                                     0x20000110   Data           4  filter.o(.data)
    _b06                                     0x20000114   Data           4  filter.o(.data)
    _b16                                     0x20000118   Data           4  filter.o(.data)
    _b26                                     0x2000011c   Data           4  filter.o(.data)
    _delay_element_16                        0x20000120   Data           4  filter.o(.data)
    _delay_element_26                        0x20000124   Data           4  filter.o(.data)
    .data                                    0x20000128   Section       84  imuso3.o(.data)
    bFilterInit                              0x20000128   Data           1  imuso3.o(.data)
    offset_count                             0x2000012a   Data           2  imuso3.o(.data)
    q0                                       0x2000012c   Data           4  imuso3.o(.data)
    q1                                       0x20000130   Data           4  imuso3.o(.data)
    q2                                       0x20000134   Data           4  imuso3.o(.data)
    q3                                       0x20000138   Data           4  imuso3.o(.data)
    dq0                                      0x2000013c   Data           4  imuso3.o(.data)
    dq1                                      0x20000140   Data           4  imuso3.o(.data)
    dq2                                      0x20000144   Data           4  imuso3.o(.data)
    dq3                                      0x20000148   Data           4  imuso3.o(.data)
    tPrev                                    0x2000014c   Data           4  imuso3.o(.data)
    startTime                                0x20000150   Data           4  imuso3.o(.data)
    q0q0                                     0x20000154   Data           4  imuso3.o(.data)
    q0q1                                     0x20000158   Data           4  imuso3.o(.data)
    q0q2                                     0x2000015c   Data           4  imuso3.o(.data)
    q0q3                                     0x20000160   Data           4  imuso3.o(.data)
    q1q1                                     0x20000164   Data           4  imuso3.o(.data)
    q1q2                                     0x20000168   Data           4  imuso3.o(.data)
    q1q3                                     0x2000016c   Data           4  imuso3.o(.data)
    q2q2                                     0x20000170   Data           4  imuso3.o(.data)
    q2q3                                     0x20000174   Data           4  imuso3.o(.data)
    q3q3                                     0x20000178   Data           4  imuso3.o(.data)
    .data                                    0x2000017c   Section        6  imu.o(.data)
    calibrating                              0x2000017c   Data           1  imu.o(.data)
    cnt                                      0x2000017e   Data           2  imu.o(.data)
    tPrev                                    0x20000180   Data           2  imu.o(.data)
    .data                                    0x20000182   Section        1  mpu6050.o(.data)
    devAddr                                  0x20000182   Data           1  mpu6050.o(.data)
    .data                                    0x20000184   Section       29  comm.o(.data)
    .data                                    0x200001a1   Section        1  report.o(.data)
    .data                                    0x200001a4   Section        8  sleepctrl.o(.data)
    .data                                    0x200001ac   Section        1  sleepctrl.o(.data)
    .data                                    0x200001b0   Section        4  errno.o(.data)
    _errno                                   0x200001b0   Data           4  errno.o(.data)
    .bss                                     0x200001b4   Section       15  uartctrl.o(.bss)
    .bss                                     0x200001c4   Section      288  pid.o(.bss)
    .bss                                     0x200002e4   Section      100  configtable.o(.bss)
    .bss                                     0x20000348   Section      400  nvt_i2c.o(.bss)
    .bss                                     0x200004d8   Section       36  imuso3.o(.bss)
    gyro_bias                                0x200004d8   Data          12  imuso3.o(.bss)
    gyro_offsets_sum                         0x200004f0   Data          12  imuso3.o(.bss)
    .bss                                     0x200004fc   Section      216  imu.o(.bss)
    accSum                                   0x200005bc   Data          12  imu.o(.bss)
    gyroSum                                  0x200005c8   Data          12  imu.o(.bss)
    .bss                                     0x200005d4   Section       30  mpu6050.o(.bss)
    buffer                                   0x200005d4   Data          14  mpu6050.o(.bss)
    .bss                                     0x200005f2   Section       32  comm.o(.bss)
    .bss                                     0x20000614   Section       36  report.o(.bss)
    STACK                                    0x20000638   Section      512  startup_mini58series.o(STACK)

    Global Symbols

    Symbol Name                              Value     Ov Type        Size  Object(Section)

    BuildAttributes$$THM_ISAv3M$S$PE$A:L22$X:L11$S22$IEEE1$IW$USESV6$~STKCKD$USESV7$~SHL$OTIME$ROPI$IEEEX$EBA8$MICROLIB$REQ8$PRES8$EABIv2 0x00000000   Number         0  anon$$obj.o ABSOLUTE
    __ARM_use_no_argv                        0x00000000   Number         0  main.o ABSOLUTE
    __Vectors                                0x00000000   Data           4  startup_mini58series.o(RESET)
    _printf_a                                0x00000000   Number         0  stubs.o ABSOLUTE
    _printf_c                                0x00000000   Number         0  stubs.o ABSOLUTE
    _printf_charcount                        0x00000000   Number         0  stubs.o ABSOLUTE
    _printf_d                                0x00000000   Number         0  stubs.o ABSOLUTE
    _printf_e                                0x00000000   Number         0  stubs.o ABSOLUTE
    _printf_f                                0x00000000   Number         0  stubs.o ABSOLUTE
    _printf_flags                            0x00000000   Number         0  stubs.o ABSOLUTE
    _printf_fp_dec                           0x00000000   Number         0  stubs.o ABSOLUTE
    _printf_fp_hex                           0x00000000   Number         0  stubs.o ABSOLUTE
    _printf_g                                0x00000000   Number         0  stubs.o ABSOLUTE
    _printf_i                                0x00000000   Number         0  stubs.o ABSOLUTE
    _printf_int_dec                          0x00000000   Number         0  stubs.o ABSOLUTE
    _printf_l                                0x00000000   Number         0  stubs.o ABSOLUTE
    _printf_lc                               0x00000000   Number         0  stubs.o ABSOLUTE
    _printf_ll                               0x00000000   Number         0  stubs.o ABSOLUTE
    _printf_lld                              0x00000000   Number         0  stubs.o ABSOLUTE
    _printf_lli                              0x00000000   Number         0  stubs.o ABSOLUTE
    _printf_llo                              0x00000000   Number         0  stubs.o ABSOLUTE
    _printf_llu                              0x00000000   Number         0  stubs.o ABSOLUTE
    _printf_llx                              0x00000000   Number         0  stubs.o ABSOLUTE
    _printf_longlong_dec                     0x00000000   Number         0  stubs.o ABSOLUTE
    _printf_longlong_hex                     0x00000000   Number         0  stubs.o ABSOLUTE
    _printf_longlong_oct                     0x00000000   Number         0  stubs.o ABSOLUTE
    _printf_ls                               0x00000000   Number         0  stubs.o ABSOLUTE
    _printf_mbtowc                           0x00000000   Number         0  stubs.o ABSOLUTE
    _printf_n                                0x00000000   Number         0  stubs.o ABSOLUTE
    _printf_o                                0x00000000   Number         0  stubs.o ABSOLUTE
    _printf_p                                0x00000000   Number         0  stubs.o ABSOLUTE
    _printf_percent                          0x00000000   Number         0  stubs.o ABSOLUTE
    _printf_pre_padding                      0x00000000   Number         0  stubs.o ABSOLUTE
    _printf_return_value                     0x00000000   Number         0  stubs.o ABSOLUTE
    _printf_s                                0x00000000   Number         0  stubs.o ABSOLUTE
    _printf_sizespec                         0x00000000   Number         0  stubs.o ABSOLUTE
    _printf_str                              0x00000000   Number         0  stubs.o ABSOLUTE
    _printf_truncate_signed                  0x00000000   Number         0  stubs.o ABSOLUTE
    _printf_truncate_unsigned                0x00000000   Number         0  stubs.o ABSOLUTE
    _printf_u                                0x00000000   Number         0  stubs.o ABSOLUTE
    _printf_wc                               0x00000000   Number         0  stubs.o ABSOLUTE
    _printf_wctomb                           0x00000000   Number         0  stubs.o ABSOLUTE
    _printf_widthprec                        0x00000000   Number         0  stubs.o ABSOLUTE
    _printf_x                                0x00000000   Number         0  stubs.o ABSOLUTE
    __cpp_initialize__aeabi_                  - Undefined Weak Reference
    __cxa_finalize                            - Undefined Weak Reference
    __decompress                              - Undefined Weak Reference
    _clock_init                               - Undefined Weak Reference
    _microlib_exit                            - Undefined Weak Reference
    __main                                   0x000000c1   Thumb Code     0  entry.o(.ARM.Collect$$$$00000000)
    _main_stk                                0x000000c1   Thumb Code     0  entry2.o(.ARM.Collect$$$$00000001)
    _main_scatterload                        0x000000c5   Thumb Code     0  entry5.o(.ARM.Collect$$$$00000004)
    __main_after_scatterload                 0x000000c9   Thumb Code     0  entry5.o(.ARM.Collect$$$$00000004)
    _main_clock                              0x000000c9   Thumb Code     0  entry7b.o(.ARM.Collect$$$$00000008)
    _main_cpp_init                           0x000000c9   Thumb Code     0  entry8b.o(.ARM.Collect$$$$0000000A)
    _main_init                               0x000000c9   Thumb Code     0  entry9a.o(.ARM.Collect$$$$0000000B)
    __rt_final_cpp                           0x000000d1   Thumb Code     0  entry10a.o(.ARM.Collect$$$$0000000D)
    __rt_final_exit                          0x000000d1   Thumb Code     0  entry11a.o(.ARM.Collect$$$$0000000F)
    HardFault_Handler                        0x000000d5   Thumb Code    24  retarget.o(.emb_text)
    SystemCoreClockUpdate                    0x000000f1   Thumb Code   138  system_mini58series.o(.text)
    Reset_Handler                            0x00000199   Thumb Code     4  startup_mini58series.o(.text)
    NMI_Handler                              0x0000019d   Thumb Code     2  startup_mini58series.o(.text)
    SVC_Handler                              0x000001a1   Thumb Code     2  startup_mini58series.o(.text)
    PendSV_Handler                           0x000001a3   Thumb Code     2  startup_mini58series.o(.text)
    ACMP_IRQHandler                          0x000001a7   Thumb Code     0  startup_mini58series.o(.text)
    BOD_IRQHandler                           0x000001a7   Thumb Code     0  startup_mini58series.o(.text)
    EINT0_IRQHandler                         0x000001a7   Thumb Code     0  startup_mini58series.o(.text)
    EINT1_IRQHandler                         0x000001a7   Thumb Code     0  startup_mini58series.o(.text)
    FB_IRQHandler                            0x000001a7   Thumb Code     0  startup_mini58series.o(.text)
    GPIO01_IRQHandler                        0x000001a7   Thumb Code     0  startup_mini58series.o(.text)
    GPIO5_IRQHandler                         0x000001a7   Thumb Code     0  startup_mini58series.o(.text)
    HIRC_IRQHandler                          0x000001a7   Thumb Code     0  startup_mini58series.o(.text)
    I2C1_IRQHandler                          0x000001a7   Thumb Code     0  startup_mini58series.o(.text)
    PDWU_IRQHandler                          0x000001a7   Thumb Code     0  startup_mini58series.o(.text)
    PWM_IRQHandler                           0x000001a7   Thumb Code     0  startup_mini58series.o(.text)
    SPI_IRQHandler                           0x000001a7   Thumb Code     0  startup_mini58series.o(.text)
    TMR0_IRQHandler                          0x000001a7   Thumb Code     0  startup_mini58series.o(.text)
    TMR1_IRQHandler                          0x000001a7   Thumb Code     0  startup_mini58series.o(.text)
    UART1_IRQHandler                         0x000001a7   Thumb Code     0  startup_mini58series.o(.text)
    WDT_IRQHandler                           0x000001a7   Thumb Code     0  startup_mini58series.o(.text)
    SYS_ResetModule                          0x000001ad   Thumb Code    28  sys.o(.text)
    UART_Open                                0x0000020f   Thumb Code   112  uart.o(.text)
    stackDump                                0x00000299   Thumb Code    70  retarget.o(.text)
    Hard_Fault_Handler                       0x000002df   Thumb Code    16  retarget.o(.text)
    SendChar_ToUART                          0x000002ef   Thumb Code    26  retarget.o(.text)
    fputc                                    0x00000309   Thumb Code    12  retarget.o(.text)
    CLK_PowerDown                            0x00000391   Thumb Code    20  clk.o(.text)
    CLK_SetHCLK                              0x000003ad   Thumb Code    30  clk.o(.text)
    CLK_WaitClockReady                       0x000003cb   Thumb Code    34  clk.o(.text)
    CLK_SetModuleClock                       0x000003ed   Thumb Code    76  clk.o(.text)
    CLK_SetSysTickClockSrc                   0x00000439   Thumb Code    14  clk.o(.text)
    CLK_EnableXtalRC                         0x00000447   Thumb Code    18  clk.o(.text)
    CLK_EnableModuleClock                    0x00000459   Thumb Code    24  clk.o(.text)
    FMC_Close                                0x00000479   Thumb Code    12  fmc.o(.text)
    FMC_Erase                                0x00000485   Thumb Code    42  fmc.o(.text)
    FMC_Open                                 0x000004af   Thumb Code    12  fmc.o(.text)
    FMC_Read                                 0x000004bb   Thumb Code    22  fmc.o(.text)
    FMC_ReadDataFlashBaseAddr                0x000004d1   Thumb Code     6  fmc.o(.text)
    FMC_Write                                0x000004d7   Thumb Code    22  fmc.o(.text)
    FMC_ReadConfig                           0x000004ed   Thumb Code    34  fmc.o(.text)
    FMC_WriteConfig                          0x0000050f   Thumb Code    56  fmc.o(.text)
    GPIO_SetMode                             0x00000551   Thumb Code    40  gpio.o(.text)
    GPIO_EnableInt                           0x00000579   Thumb Code    26  gpio.o(.text)
    I2C_Open                                 0x00000595   Thumb Code    50  i2c.o(.text)
    I2C_ClearTimeoutFlag                     0x000005c7   Thumb Code    10  i2c.o(.text)
    I2C_EnableInt                            0x000005d1   Thumb Code    10  i2c.o(.text)
    I2C_EnableTimeout                        0x000005db   Thumb Code    26  i2c.o(.text)
    I2C_DisableTimeout                       0x000005f5   Thumb Code    10  i2c.o(.text)
    PWM_ConfigOutputChannel                  0x00000605   Thumb Code   226  pwm.o(.text)
    PWM_Start                                0x000006e7   Thumb Code    40  pwm.o(.text)
    PWM_Stop                                 0x0000070f   Thumb Code    30  pwm.o(.text)
    PWM_EnableOutput                         0x0000072d   Thumb Code    12  pwm.o(.text)
    PWM_DisableOutput                        0x00000739   Thumb Code    12  pwm.o(.text)
    setupSystemClock                         0x00000751   Thumb Code    52  main.o(.text)
    setup                                    0x00000785   Thumb Code   104  main.o(.text)
    loop                                     0x000007ed   Thumb Code   162  main.o(.text)
    main                                     0x0000088f   Thumb Code   116  main.o(.text)
    MotorTest                                0x00000903   Thumb Code    44  main.o(.text)
    LED_Init                                 0x00000965   Thumb Code    14  led.o(.text)
    UpdateLED                                0x00000973   Thumb Code    22  led.o(.text)
    LED_ON                                   0x00000989   Thumb Code     8  led.o(.text)
    LED_Tongle                               0x00000991   Thumb Code    22  led.o(.text)
    LED_OFF                                  0x000009a7   Thumb Code     8  led.o(.text)
    SysTick_Handler                          0x000009bd   Thumb Code    10  timer_ctrl.o(.text)
    setup_system_tick                        0x000009c7   Thumb Code    58  timer_ctrl.o(.text)
    getSystemTime                            0x00000a01   Thumb Code     6  timer_ctrl.o(.text)
    DelayMsec                                0x00000a07   Thumb Code    16  timer_ctrl.o(.text)
    IncFrameCount                            0x00000a17   Thumb Code    10  timer_ctrl.o(.text)
    GetFrameCount                            0x00000a21   Thumb Code     6  timer_ctrl.o(.text)
    MotorPwmOutput                           0x00000a3d   Thumb Code   126  motor.o(.text)
    Motor_Init                               0x00000abb   Thumb Code    74  motor.o(.text)
    Motor_Start                              0x00000b05   Thumb Code    22  motor.o(.text)
    Motor_Stop                               0x00000b1b   Thumb Code    28  motor.o(.text)
    ADC_IRQHandler                           0x00000b5d   Thumb Code    30  battery.o(.text)
    setupUART                                0x00000b85   Thumb Code    60  uartctrl.o(.text)
    GetUartChar                              0x00000bc1   Thumb Code    20  uartctrl.o(.text)
    UART_HANDLE                              0x00000bd5   Thumb Code    64  uartctrl.o(.text)
    UART_NVIC_INIT                           0x00000c15   Thumb Code    18  uartctrl.o(.text)
    UART0_IRQHandler                         0x00000c27   Thumb Code     2  uartctrl.o(.text)
    CommandProcess                           0x00000c29   Thumb Code   252  uartctrl.o(.text)
    set_data_flash_base                      0x00000d4d   Thumb Code    90  flashctrl.o(.text)
    FlashInit                                0x00000da7   Thumb Code    52  flashctrl.o(.text)
    DATA_FLASH_Write                         0x00000ddb   Thumb Code    50  flashctrl.o(.text)
    FlashErase                               0x00000e0d   Thumb Code    30  flashctrl.o(.text)
    DATA_FLASH_Read                          0x00000e2b   Thumb Code    50  flashctrl.o(.text)
    getRC_Status                             0x00000ed1   Thumb Code     6  rc.o(.text)
    RC_init                                  0x00000ed7   Thumb Code     8  rc.o(.text)
    RC_Update                                0x00000edf   Thumb Code     8  rc.o(.text)
    RC_CommandDetect                         0x00000ee7   Thumb Code   150  rc.o(.text)
    FailSafeCrash                            0x00001011   Thumb Code    30  failsafe.o(.text)
    FailSafeLostRC                           0x0000102f   Thumb Code    16  failsafe.o(.text)
    GetRollAnglePID                          0x00001051   Thumb Code    16  pid.o(.text)
    GetYawAnglePID                           0x00001065   Thumb Code    16  pid.o(.text)
    GetPitchAnglePID                         0x00001079   Thumb Code    16  pid.o(.text)
    GetRollRatePID                           0x0000108d   Thumb Code    16  pid.o(.text)
    GetYawRatePID                            0x000010a1   Thumb Code    16  pid.o(.text)
    GetPitchRatePID                          0x000010b5   Thumb Code    16  pid.o(.text)
    GetPIDfloat                              0x000010c9   Thumb Code    46  pid.o(.text)
    controllerSetRollPID                     0x000010f7   Thumb Code    26  pid.o(.text)
    controllerSetPitchPID                    0x00001111   Thumb Code    28  pid.o(.text)
    controllerSetYawPID                      0x0000112d   Thumb Code    28  pid.o(.text)
    controllerSetRollRatePID                 0x00001149   Thumb Code    28  pid.o(.text)
    controllerSetPitchRatePID                0x00001165   Thumb Code    28  pid.o(.text)
    controllerSetYawRatePID                  0x00001181   Thumb Code    28  pid.o(.text)
    SetPID                                   0x0000119d   Thumb Code   342  pid.o(.text)
    stabilityPDControl                       0x00001301   Thumb Code    62  control.o(.text)
    CtrlAttiAng                              0x0000133f   Thumb Code    54  control.o(.text)
    TurnForward                              0x00001375   Thumb Code    16  control.o(.text)
    TurnBackward                             0x00001385   Thumb Code    14  control.o(.text)
    MotorPower                               0x00001393   Thumb Code    56  control.o(.text)
    CtrlMotor                                0x000013cb   Thumb Code    70  control.o(.text)
    GetIntValue                              0x00001411   Thumb Code    34  control.o(.text)
    SetTargetAngle                           0x00001433   Thumb Code    14  control.o(.text)
    SetHandstandMode                         0x00001441   Thumb Code     8  control.o(.text)
    SetNormalMode                            0x00001449   Thumb Code    10  control.o(.text)
    SetActionUsingTime                       0x00001453   Thumb Code    24  control.o(.text)
    ActionHandle                             0x0000146b   Thumb Code    64  control.o(.text)
    DoActionUsingTime                        0x000014ab   Thumb Code    44  control.o(.text)
    ActionHandle2                            0x000014d7   Thumb Code    62  control.o(.text)
    DoActionUsingTime2                       0x00001515   Thumb Code    42  control.o(.text)
    ParamSetDefault                          0x00001551   Thumb Code    76  configtable.o(.text)
    isFlashValid                             0x0000159d   Thumb Code    34  configtable.o(.text)
    TableReadFlash                           0x000015bf   Thumb Code    16  configtable.o(.text)
    TableWriteFlash                          0x000015cf   Thumb Code    16  configtable.o(.text)
    TableToParam                             0x000015df   Thumb Code    56  configtable.o(.text)
    ParamToTable                             0x00001617   Thumb Code    56  configtable.o(.text)
    LoadParamsFromFlash                      0x0000164f   Thumb Code    58  configtable.o(.text)
    SaveParamsToFlash                        0x00001689   Thumb Code    26  configtable.o(.text)
    I2CX_IRQHandler                          0x00001709   Thumb Code    90  nvt_i2c.o(.text)
    I2C0_IRQHandler                          0x00001763   Thumb Code     4  nvt_i2c.o(.text)
    I2C_Callback_Rx_Continue                 0x00001767   Thumb Code   156  nvt_i2c.o(.text)
    I2C_Callback_Tx_Continue                 0x00001803   Thumb Code    92  nvt_i2c.o(.text)
    WaitEndFlag0                             0x0000185f   Thumb Code    40  nvt_i2c.o(.text)
    NVT_WriteByteContinue_addr8              0x00001887   Thumb Code    72  nvt_i2c.o(.text)
    NVT_ReadByteContinue_addr8               0x000018cf   Thumb Code    80  nvt_i2c.o(.text)
    NVT_I2C_Init                             0x0000191f   Thumb Code    60  nvt_i2c.o(.text)
    NVT_SetDeviceAddress                     0x0000195b   Thumb Code    10  nvt_i2c.o(.text)
    LPF2pSetCutoffFreq_1                     0x00001985   Thumb Code   178  filter.o(.text)
    LPF2pApply_1                             0x00001a37   Thumb Code   120  filter.o(.text)
    LPF2pSetCutoffFreq_2                     0x00001aaf   Thumb Code   178  filter.o(.text)
    LPF2pApply_2                             0x00001b61   Thumb Code   120  filter.o(.text)
    LPF2pSetCutoffFreq_3                     0x00001bd9   Thumb Code   178  filter.o(.text)
    LPF2pApply_3                             0x00001c8b   Thumb Code   120  filter.o(.text)
    LPF2pSetCutoffFreq_4                     0x00001d03   Thumb Code   196  filter.o(.text)
    LPF2pApply_4                             0x00001dc7   Thumb Code   120  filter.o(.text)
    LPF2pSetCutoffFreq_5                     0x00001e3f   Thumb Code   180  filter.o(.text)
    LPF2pApply_5                             0x00001ef3   Thumb Code   122  filter.o(.text)
    LPF2pSetCutoffFreq_6                     0x00001f6d   Thumb Code   180  filter.o(.text)
    LPF2pApply_6                             0x00002021   Thumb Code   122  filter.o(.text)
    NonlinearSO3AHRSinit                     0x000020ad   Thumb Code   514  imuso3.o(.text)
    invSqrt                                  0x000022af   Thumb Code    58  imuso3.o(.text)
    NonlinearSO3AHRSupdate                   0x000022e9   Thumb Code  1614  imuso3.o(.text)
    IMUSO3Thread                             0x00002937   Thumb Code   772  imuso3.o(.text)
    IMU_Init                                 0x00002c5d   Thumb Code    66  imu.o(.text)
    ReadIMUSensorHandle                      0x00002c9f   Thumb Code   176  imu.o(.text)
    IMU_Calibrate                            0x00002d4f   Thumb Code   212  imu.o(.text)
    MPU6050_pgm_read_byte                    0x00002e49   Thumb Code     4  mpu6050.o(.text)
    MPU6050_getAuxVDDIOLevel                 0x00002e4d   Thumb Code    26  mpu6050.o(.text)
    MPU6050_setAuxVDDIOLevel                 0x00002e67   Thumb Code    18  mpu6050.o(.text)
    MPU6050_getRate                          0x00002e79   Thumb Code    22  mpu6050.o(.text)
    MPU6050_setRate                          0x00002e8f   Thumb Code    16  mpu6050.o(.text)
    MPU6050_getExternalFrameSync             0x00002e9f   Thumb Code    28  mpu6050.o(.text)
    MPU6050_setExternalFrameSync             0x00002ebb   Thumb Code    20  mpu6050.o(.text)
    MPU6050_getDLPFMode                      0x00002ecf   Thumb Code    28  mpu6050.o(.text)
    MPU6050_setDLPFMode                      0x00002eeb   Thumb Code    20  mpu6050.o(.text)
    MPU6050_getFullScaleGyroRange            0x00002eff   Thumb Code    28  mpu6050.o(.text)
    MPU6050_setFullScaleGyroRange            0x00002f1b   Thumb Code    20  mpu6050.o(.text)
    MPU6050_getFullScaleAccelRange           0x00002f2f   Thumb Code    28  mpu6050.o(.text)
    MPU6050_setFullScaleAccelRange           0x00002f4b   Thumb Code    20  mpu6050.o(.text)
    MPU6050_setI2CBypassEnabled              0x00002f5f   Thumb Code    18  mpu6050.o(.text)
    MPU6050_getIntI2CMasterStatus            0x00002f71   Thumb Code    32  mpu6050.o(.text)
    MPU6050_getIntDataReadyStatus            0x00002f91   Thumb Code    32  mpu6050.o(.text)
    MPU6050_getMotion6                       0x00002fb1   Thumb Code   108  mpu6050.o(.text)
    MPU6050_getMotion9                       0x0000301d   Thumb Code    16  mpu6050.o(.text)
    MPU6050_getAcceleration                  0x0000302d   Thumb Code    66  mpu6050.o(.text)
    MPU6050_getAccelerationX                 0x0000306f   Thumb Code    36  mpu6050.o(.text)
    MPU6050_getAccelerationY                 0x00003093   Thumb Code    36  mpu6050.o(.text)
    MPU6050_getAccelerationZ                 0x000030b7   Thumb Code    36  mpu6050.o(.text)
    MPU6050_getTemperature                   0x000030db   Thumb Code    36  mpu6050.o(.text)
    MPU6050_getRotation                      0x000030ff   Thumb Code    66  mpu6050.o(.text)
    MPU6050_getRotationX                     0x00003141   Thumb Code    36  mpu6050.o(.text)
    MPU6050_getRotationY                     0x00003165   Thumb Code    36  mpu6050.o(.text)
    MPU6050_getRotationZ                     0x00003189   Thumb Code    36  mpu6050.o(.text)
    MPU6050_getYNegMotionDetected            0x000031ad   Thumb Code    32  mpu6050.o(.text)
    MPU6050_resetTemperaturePath             0x000031cd   Thumb Code    18  mpu6050.o(.text)
    MPU6050_getFreefallDetectionCounterDecrement 0x000031df   Thumb Code    28  mpu6050.o(.text)
    MPU6050_setFreefallDetectionCounterDecrement 0x000031fb   Thumb Code    20  mpu6050.o(.text)
    MPU6050_getMotionDetectionCounterDecrement 0x0000320f   Thumb Code    28  mpu6050.o(.text)
    MPU6050_setMotionDetectionCounterDecrement 0x0000322b   Thumb Code    30  mpu6050.o(.text)
    MPU6050_setI2CMasterModeEnabled          0x00003249   Thumb Code    18  mpu6050.o(.text)
    MPU6050_resetSensors                     0x0000325b   Thumb Code    18  mpu6050.o(.text)
    MPU6050_reset                            0x0000326d   Thumb Code    18  mpu6050.o(.text)
    MPU6050_getSleepEnabled                  0x0000327f   Thumb Code    32  mpu6050.o(.text)
    MPU6050_setSleepEnabled                  0x0000329f   Thumb Code    18  mpu6050.o(.text)
    MPU6050_setTempSensorEnabled             0x000032b1   Thumb Code    22  mpu6050.o(.text)
    MPU6050_getClockSource                   0x000032c7   Thumb Code    28  mpu6050.o(.text)
    MPU6050_setClockSource                   0x000032e3   Thumb Code    20  mpu6050.o(.text)
    MPU6050_getDeviceID                      0x000032f7   Thumb Code    28  mpu6050.o(.text)
    MPU6050_setDeviceID                      0x00003313   Thumb Code    20  mpu6050.o(.text)
    MPU6050_ADDR                             0x00003327   Thumb Code     6  mpu6050.o(.text)
    MPU6050_testConnection                   0x0000332d   Thumb Code    18  mpu6050.o(.text)
    MPU6050_initialize                       0x0000333f   Thumb Code    78  mpu6050.o(.text)
    MPU6050_setMemoryBank                    0x0000338d   Thumb Code    36  mpu6050.o(.text)
    MPU6050_setMemoryStartAddress            0x000033b1   Thumb Code    16  mpu6050.o(.text)
    MPU6050_readMemoryByte                   0x000033c1   Thumb Code    26  mpu6050.o(.text)
    MPU6050_getOTPBankValid                  0x000033db   Thumb Code    26  mpu6050.o(.text)
    MPU6050_getXGyroOffsetTC                 0x000033f5   Thumb Code    26  mpu6050.o(.text)
    MPU6050_getYGyroOffsetTC                 0x0000340f   Thumb Code    26  mpu6050.o(.text)
    MPU6050_getZGyroOffsetTC                 0x00003429   Thumb Code    26  mpu6050.o(.text)
    MPU6050_setSlaveAddress                  0x00003443   Thumb Code    26  mpu6050.o(.text)
    MPU6050_resetI2CMaster                   0x0000345d   Thumb Code    18  mpu6050.o(.text)
    MPU6050_writeMemoryBlock                 0x0000346f   Thumb Code   194  mpu6050.o(.text)
    MPU6050_writeDMPConfigurationSet         0x00003531   Thumb Code    96  mpu6050.o(.text)
    MPU6050_writeProgMemoryBlock             0x00003591   Thumb Code    16  mpu6050.o(.text)
    MPU6050_writeProgDMPConfigurationSet     0x000035a1   Thumb Code     4  mpu6050.o(.text)
    MPU6050_setIntEnabled                    0x000035a5   Thumb Code    16  mpu6050.o(.text)
    MPU6050_setDMPConfig1                    0x000035b5   Thumb Code    16  mpu6050.o(.text)
    MPU6050_setDMPConfig2                    0x000035c5   Thumb Code    16  mpu6050.o(.text)
    MPU6050_setOTPBankValid                  0x000035d5   Thumb Code    18  mpu6050.o(.text)
    MPU6050_setXGyroOffsetTC                 0x000035e7   Thumb Code    22  mpu6050.o(.text)
    MPU6050_setYGyroOffsetTC                 0x000035fd   Thumb Code    22  mpu6050.o(.text)
    MPU6050_setZGyroOffsetTC                 0x00003613   Thumb Code    22  mpu6050.o(.text)
    MPU6050_resetFIFO                        0x00003629   Thumb Code    28  mpu6050.o(.text)
    MPU6050_getFIFOCount                     0x00003645   Thumb Code    34  mpu6050.o(.text)
    MPU6050_getFIFOBytes                     0x00003667   Thumb Code    22  mpu6050.o(.text)
    MPU6050_setMotionDetectionThreshold      0x0000367d   Thumb Code    16  mpu6050.o(.text)
    MPU6050_setZeroMotionDetectionThreshold  0x0000368d   Thumb Code    16  mpu6050.o(.text)
    MPU6050_setMotionDetectionDuration       0x0000369d   Thumb Code    16  mpu6050.o(.text)
    MPU6050_setZeroMotionDetectionDuration   0x000036ad   Thumb Code    16  mpu6050.o(.text)
    MPU6050_setFIFOEnabled                   0x000036bd   Thumb Code    18  mpu6050.o(.text)
    MPU6050_setDMPEnabled                    0x000036cf   Thumb Code    18  mpu6050.o(.text)
    MPU6050_resetDMP                         0x000036e1   Thumb Code    18  mpu6050.o(.text)
    MPU6050_getIntStatus                     0x000036f3   Thumb Code    22  mpu6050.o(.text)
    MPU6050_readMemoryBlock                  0x00003709   Thumb Code   114  mpu6050.o(.text)
    I2C_Init                                 0x00003785   Thumb Code     8  i2cdev.o(.text)
    I2C_readBytes                            0x0000378d   Thumb Code    38  i2cdev.o(.text)
    I2C_readByte                             0x000037b3   Thumb Code    14  i2cdev.o(.text)
    I2C_readBits                             0x000037c1   Thumb Code    52  i2cdev.o(.text)
    I2C_writeBytes                           0x000037f5   Thumb Code    26  i2cdev.o(.text)
    I2C_writeByte                            0x0000380f   Thumb Code    12  i2cdev.o(.text)
    I2C_writeBit                             0x0000381b   Thumb Code    52  i2cdev.o(.text)
    I2C_writeBits                            0x0000384f   Thumb Code    68  i2cdev.o(.text)
    I2C_readBit                              0x00003893   Thumb Code    30  i2cdev.o(.text)
    Comm_ClrRecDataBuf                       0x000038b1   Thumb Code    18  comm.o(.text)
    Comm_SetToReceive                        0x000038c3   Thumb Code    30  comm.o(.text)
    Comm_Init                                0x000038e1   Thumb Code    64  comm.o(.text)
    Comm_SendPacket                          0x00003921   Thumb Code    96  comm.o(.text)
    Comm_CheckDataReceived                   0x00003981   Thumb Code    74  comm.o(.text)
    Comm_TimerProcess                        0x000039cb   Thumb Code    90  comm.o(.text)
    Comm_Process                             0x00003a25   Thumb Code   760  comm.o(.text)
    SPI_init                                 0x00003d21   Thumb Code    48  rf.o(.text)
    SPI_CLK_Delay                            0x00003d51   Thumb Code    14  rf.o(.text)
    SPI_WW                                   0x00003d5f   Thumb Code    50  rf.o(.text)
    SPI_WR                                   0x00003d91   Thumb Code    60  rf.o(.text)
    ucSPI_Read                               0x00003dcd   Thumb Code    50  rf.o(.text)
    RF_WriteReg                              0x00003dff   Thumb Code    30  rf.o(.text)
    ucRF_ReadReg                             0x00003e1d   Thumb Code    36  rf.o(.text)
    RF_WriteRegWitchBytes                    0x00003e41   Thumb Code    44  rf.o(.text)
    RF_ReadRegWitchBytes                     0x00003e6d   Thumb Code    50  rf.o(.text)
    RF_WriteFIFO                             0x00003e9f   Thumb Code    46  rf.o(.text)
    RF_ReadFIFO                              0x00003ecd   Thumb Code    56  rf.o(.text)
    RF_ClearFIFO                             0x00003f05   Thumb Code    30  rf.o(.text)
    ucRF_GetStatus                           0x00003f23   Thumb Code    14  rf.o(.text)
    ucRF_GetRSSI                             0x00003f31   Thumb Code     4  rf.o(.text)
    RF_ClearStatus                           0x00003f35   Thumb Code     6  rf.o(.text)
    RF_SetChannel                            0x00003f3b   Thumb Code     6  rf.o(.text)
    RF_SetRxP0Addr                           0x00003f41   Thumb Code    42  rf.o(.text)
    RF_SetRxP1Addr                           0x00003f6b   Thumb Code    42  rf.o(.text)
    RF_SetRxP2_5Addr                         0x00003f95   Thumb Code    52  rf.o(.text)
    RF_SetTxAddr                             0x00003fc9   Thumb Code    42  rf.o(.text)
    RF_TxMode                                0x00003ff3   Thumb Code    20  rf.o(.text)
    RF_RxMode                                0x00004007   Thumb Code    28  rf.o(.text)
    RF_TxData                                0x00004023   Thumb Code    60  rf.o(.text)
    ucRF_DumpRxData                          0x0000405f   Thumb Code    54  rf.o(.text)
    RF_Init                                  0x00004095   Thumb Code   194  rf.o(.text)
    RF_Carrier                               0x00004157   Thumb Code   112  rf.o(.text)
    report_angle_pid                         0x000041cd   Thumb Code   186  report.o(.text)
    report_rate_pid                          0x00004291   Thumb Code   186  report.o(.text)
    report_moter_power                       0x00004355   Thumb Code    36  report.o(.text)
    report_euler                             0x00004399   Thumb Code    40  report.o(.text)
    report_sensor_raw                        0x000043d1   Thumb Code    70  report.o(.text)
    ReportMessage                            0x00004431   Thumb Code    56  report.o(.text)
    CheckVersion                             0x0000446d   Thumb Code    20  report.o(.text)
    InitSleepIO                              0x00004499   Thumb Code    32  sleepctrl.o(.text)
    PrepareForWakeUp                         0x000044b9   Thumb Code     2  sleepctrl.o(.text)
    PrepareForSleep                          0x000044bb   Thumb Code     8  sleepctrl.o(.text)
    IntoSleep                                0x000044c3   Thumb Code    24  sleepctrl.o(.text)
    CLK_Delay                                0x000044db   Thumb Code    12  sleepctrl.o(.text)
    GPIO234_IRQHandler                       0x000044e7   Thumb Code   104  sleepctrl.o(.text)
    __aeabi_uidiv                            0x000045b9   Thumb Code     0  uidiv.o(.text)
    __aeabi_uidivmod                         0x000045b9   Thumb Code    44  uidiv.o(.text)
    __aeabi_memcpy                           0x000045e5   Thumb Code    36  memcpya.o(.text)
    __aeabi_memcpy4                          0x000045e5   Thumb Code     0  memcpya.o(.text)
    __aeabi_memcpy8                          0x000045e5   Thumb Code     0  memcpya.o(.text)
    __aeabi_uread4                           0x00004609   Thumb Code    20  uread4.o(.text)
    __rt_uread4                              0x00004609   Thumb Code     0  uread4.o(.text)
    _uread4                                  0x00004609   Thumb Code     0  uread4.o(.text)
    atoi                                     0x0000461d   Thumb Code    26  atoi.o(.text)
    __aeabi_fadd                             0x00004637   Thumb Code   162  fadd.o(.text)
    __aeabi_fsub                             0x000046d9   Thumb Code     8  fadd.o(.text)
    __aeabi_frsub                            0x000046e1   Thumb Code     8  fadd.o(.text)
    __aeabi_fmul                             0x000046e9   Thumb Code   122  fmul.o(.text)
    __aeabi_fdiv                             0x00004763   Thumb Code   124  fdiv.o(.text)
    __ARM_scalbnf                            0x000047df   Thumb Code    24  fscalb.o(.text)
    scalbnf                                  0x000047df   Thumb Code     0  fscalb.o(.text)
    __aeabi_dadd                             0x000047f9   Thumb Code   328  dadd.o(.text)
    __aeabi_dsub                             0x00004941   Thumb Code    12  dadd.o(.text)
    __aeabi_drsub                            0x0000494d   Thumb Code    12  dadd.o(.text)
    __aeabi_dmul                             0x0000495d   Thumb Code   202  dmul.o(.text)
    __aeabi_ddiv                             0x00004a2d   Thumb Code   234  ddiv.o(.text)
    __ARM_scalbn                             0x00004b1d   Thumb Code    44  dscalb.o(.text)
    scalbn                                   0x00004b1d   Thumb Code     0  dscalb.o(.text)
    __aeabi_i2f                              0x00004b49   Thumb Code    22  fflti.o(.text)
    __aeabi_ui2f                             0x00004b5f   Thumb Code    14  ffltui.o(.text)
    __aeabi_f2iz                             0x00004b6d   Thumb Code    50  ffixi.o(.text)
    __aeabi_f2d                              0x00004b9f   Thumb Code    40  f2d.o(.text)
    __aeabi_d2f                              0x00004bc7   Thumb Code    56  d2f.o(.text)
    __aeabi_uldivmod                         0x00004bff   Thumb Code    96  uldiv.o(.text)
    __aeabi_llsl                             0x00004c5f   Thumb Code    32  llshl.o(.text)
    _ll_shift_l                              0x00004c5f   Thumb Code     0  llshl.o(.text)
    __aeabi_lasr                             0x00004c7f   Thumb Code    38  llsshr.o(.text)
    _ll_sshift_r                             0x00004c7f   Thumb Code     0  llsshr.o(.text)
    __strtod_int                             0x00004cdb   Thumb Code    92  strtod.o(.text)
    strtol                                   0x00004d49   Thumb Code   108  strtol.o(.text)
    __I$use$fp                               0x00004db9   Thumb Code     0  iusefp.o(.text)
    _float_round                             0x00004db9   Thumb Code    16  fepilogue.o(.text)
    _float_epilogue                          0x00004dc9   Thumb Code   114  fepilogue.o(.text)
    _frnd                                    0x00004e3b   Thumb Code    62  frnd.o(.text)
    _double_round                            0x00004e79   Thumb Code    26  depilogue.o(.text)
    _double_epilogue                         0x00004e93   Thumb Code   164  depilogue.o(.text)
    _dsqrt                                   0x00004f37   Thumb Code   162  dsqrt.o(.text)
    __aeabi_d2ulz                            0x00004fd9   Thumb Code    54  dfixul.o(.text)
    __aeabi_cdrcmple                         0x00005019   Thumb Code    38  cdrcmple.o(.text)
    __scatterload                            0x00005041   Thumb Code    28  init.o(.text)
    __scatterload_rt2                        0x00005041   Thumb Code     0  init.o(.text)
    __aeabi_llsr                             0x00005065   Thumb Code    34  llushr.o(.text)
    _ll_ushift_r                             0x00005065   Thumb Code     0  llushr.o(.text)
    __rt_ctype_table                         0x00005089   Thumb Code     4  ctype_o.o(.text)
    isspace                                  0x00005091   Thumb Code    18  isspace_o.o(.text)
    _scanf_real                              0x0000519b   Thumb Code     0  scanf_fp.o(.text)
    _scanf_really_real                       0x0000519b   Thumb Code   586  scanf_fp.o(.text)
    _sgetc                                   0x000053f1   Thumb Code    32  _sgetc.o(.text)
    _sbackspace                              0x00005411   Thumb Code    36  _sgetc.o(.text)
    _strtoul                                 0x00005435   Thumb Code   166  _strtoul.o(.text)
    __aeabi_lmul                             0x000054db   Thumb Code   122  llmul.o(.text)
    _ll_mul                                  0x000054db   Thumb Code     0  llmul.o(.text)
    _chval                                   0x00005555   Thumb Code    30  _chval.o(.text)
    __aeabi_ul2d                             0x00005575   Thumb Code    22  dfltul.o(.text)
    __0printf                                0x00005591   Thumb Code    24  printfa.o(i.__0printf)
    __1printf                                0x00005591   Thumb Code     0  printfa.o(i.__0printf)
    __2printf                                0x00005591   Thumb Code     0  printfa.o(i.__0printf)
    __c89printf                              0x00005591   Thumb Code     0  printfa.o(i.__0printf)
    printf                                   0x00005591   Thumb Code     0  printfa.o(i.__0printf)
    __ARM_clz                                0x000055b1   Thumb Code    46  depilogue.o(i.__ARM_clz)
    __ARM_common_ll_muluu                    0x000055df   Thumb Code    50  rredf.o(i.__ARM_common_ll_muluu)
    __ARM_common_switch8                     0x00005611   Thumb Code    26  comm.o(i.__ARM_common_switch8)
    __ARM_fpclassify                         0x0000562d   Thumb Code    40  fpclassify.o(i.__ARM_fpclassify)
    __ARM_fpclassifyf                        0x00005659   Thumb Code    34  fpclassifyf.o(i.__ARM_fpclassifyf)
    __ARM_isinff                             0x0000567b   Thumb Code    18  filter.o(i.__ARM_isinff)
    __ARM_isnanf                             0x0000568d   Thumb Code    14  filter.o(i.__ARM_isnanf)
    __aeabi_errno_addr                       0x0000569d   Thumb Code     4  errno.o(i.__aeabi_errno_addr)
    __rt_errno_addr                          0x0000569d   Thumb Code     0  errno.o(i.__aeabi_errno_addr)
    __kernel_poly                            0x000056a5   Thumb Code   172  poly.o(i.__kernel_poly)
    __mathlib_dbl_underflow                  0x00005751   Thumb Code    14  dunder.o(i.__mathlib_dbl_underflow)
    __mathlib_flt_underflow                  0x00005765   Thumb Code    14  funder.o(i.__mathlib_flt_underflow)
    __mathlib_rredf2                         0x00005775   Thumb Code   346  rredf.o(i.__mathlib_rredf2)
    __read_errno                             0x000058e1   Thumb Code     6  errno.o(i.__read_errno)
    __scatterload_copy                       0x000058ed   Thumb Code    14  handlers.o(i.__scatterload_copy)
    __scatterload_null                       0x000058fb   Thumb Code     2  handlers.o(i.__scatterload_null)
    __scatterload_zeroinit                   0x000058fd   Thumb Code    14  handlers.o(i.__scatterload_zeroinit)
    __set_errno                              0x0000590d   Thumb Code     6  errno.o(i.__set_errno)
    _is_digit                                0x00005a71   Thumb Code    14  scanf_fp.o(i._is_digit)
    asin                                     0x000061b9   Thumb Code   584  asin.o(i.asin)
    atan                                     0x00006435   Thumb Code   474  atan.o(i.atan)
    atan2                                    0x00006655   Thumb Code   334  atan2.o(i.atan2)
    atan2f                                   0x000067cd   Thumb Code   520  atan2f.o(i.atan2f)
    atof                                     0x00006a21   Thumb Code    42  atof.o(i.atof)
    cosf                                     0x00006a4d   Thumb Code   324  cosf.o(i.cosf)
    sinf                                     0x00006bc9   Thumb Code   336  sinf.o(i.sinf)
    sqrt                                     0x00006d51   Thumb Code    66  sqrt.o(i.sqrt)
    tanf                                     0x00006d99   Thumb Code   312  tanf.o(i.tanf)
    Dem_cal_data                             0x00006f2c   Data           1  rf.o(.constdata)
    Carrier_Dem_cal_data                     0x00006f2d   Data           1  rf.o(.constdata)
    RF_cal_data                              0x00006f2e   Data           3  rf.o(.constdata)
    Dem_cal2_data                            0x00006f31   Data           3  rf.o(.constdata)
    Carrier_RF_cal_data                      0x00006f34   Data           3  rf.o(.constdata)
    Carrier_Dem_cal2_data                    0x00006f37   Data           3  rf.o(.constdata)
    BB_cal_data                              0x00006f3a   Data           5  rf.o(.constdata)
    Carrier_BB_cal_data                      0x00006f3f   Data           5  rf.o(.constdata)
    RF_cal2_data                             0x00006f44   Data           6  rf.o(.constdata)
    Carrier_RF_cal2_data                     0x00006f4a   Data           6  rf.o(.constdata)
    __mathlib_zero                           0x00007038   Data           8  qnan.o(.constdata)
    __ctype_table                            0x00007060   Data         129  ctype_o.o(.constdata)
    Region$$Table$$Base                      0x00007170   Number         0  anon$$obj.o(Region$$Table)
    Region$$Table$$Limit                     0x00007190   Number         0  anon$$obj.o(Region$$Table)
    __HSI                                    0x20000000   Data           4  system_mini58series.o(.data)
    PllClock                                 0x20000004   Data           4  system_mini58series.o(.data)
    SystemCoreClock                          0x20000008   Data           4  system_mini58series.o(.data)
    CyclesPerUs                              0x2000000c   Data           4  system_mini58series.o(.data)
    __stdout                                 0x20000010   Data           4  retarget.o(.data)
    ledStatus                                0x2000001c   Data           1  led.o(.data)
    tick_counter                             0x20000020   Data           4  timer_ctrl.o(.data)
    frame_counter                            0x20000024   Data           4  timer_ctrl.o(.data)
    motor1PWM                                0x20000028   Data           2  motor.o(.data)
    motor2PWM                                0x2000002a   Data           2  motor.o(.data)
    motor3PWM                                0x2000002c   Data           2  motor.o(.data)
    motor4PWM                                0x2000002e   Data           2  motor.o(.data)
    u32BatteryAD                             0x20000030   Data           4  battery.o(.data)
    getUartData                              0x20000034   Data           1  uartctrl.o(.data)
    g_UartDataTotalLength                    0x20000035   Data           1  uartctrl.o(.data)
    g_UartDataIndex                          0x20000036   Data           1  uartctrl.o(.data)
    data_flash_Start_address                 0x20000038   Data           4  flashctrl.o(.data)
    RC_DATA                                  0x2000003c   Data           4  rc.o(.data)
    DeadZone                                 0x20000040   Data           1  control.o(.data)
    TurnRound                                0x20000041   Data           1  control.o(.data)
    CarMode                                  0x20000042   Data           1  control.o(.data)
    TargetAngle                              0x20000044   Data           2  control.o(.data)
    Pitch                                    0x20000048   Data           4  control.o(.data)
    fStabilityPError                         0x2000004c   Data           4  control.o(.data)
    fStabilityDError                         0x20000050   Data           4  control.o(.data)
    currentAction                            0x20000054   Data           8  control.o(.data)
    EndFlag0                                 0x2000005c   Data           1  nvt_i2c.o(.data)
    ErrorFlag                                0x2000005d   Data           1  nvt_i2c.o(.data)
    Device_W_Addr                            0x2000005e   Data           1  nvt_i2c.o(.data)
    Device_R_Addr                            0x2000005f   Data           1  nvt_i2c.o(.data)
    ReadFlag                                 0x20000060   Data           1  nvt_i2c.o(.data)
    DataLen0                                 0x20000061   Data           1  nvt_i2c.o(.data)
    RxLen0                                   0x20000062   Data           1  nvt_i2c.o(.data)
    ContinueLen                              0x20000063   Data           1  nvt_i2c.o(.data)
    Comm_Flag                                0x20000184   Data           1  comm.o(.data)
    Comm_CurrentStatus                       0x20000185   Data           1  comm.o(.data)
    Comm_CurrentChannel                      0x20000186   Data           1  comm.o(.data)
    Comm_Timeout                             0x20000188   Data           2  comm.o(.data)
    Comm_CurrentAddr                         0x2000018c   Data           4  comm.o(.data)
    Comm_HostAddr                            0x20000190   Data           4  comm.o(.data)
    Comm_DevAddr                             0x20000194   Data           4  comm.o(.data)
    Comm_TimerTick                           0x20000198   Data           4  comm.o(.data)
    Comm_Data                                0x2000019c   Data           5  comm.o(.data)
    report_mode                              0x200001a1   Data           1  report.o(.data)
    PressIsOn                                0x200001a4   Data           1  sleepctrl.o(.data)
    PermitTonggleOperation                   0x200001a5   Data           1  sleepctrl.o(.data)
    LastPressTime                            0x200001a8   Data           4  sleepctrl.o(.data)
    OPERTION_MODE                            0x200001ac   Data           1  sleepctrl.o(.data)
    g_u8RecData                              0x200001b4   Data          15  uartctrl.o(.bss)
    pitch_angle_PID                          0x200001c4   Data          48  pid.o(.bss)
    pitch_rate_PID                           0x200001f4   Data          48  pid.o(.bss)
    speed_angle_PID                          0x20000224   Data          48  pid.o(.bss)
    roll_rate_PID                            0x20000254   Data          48  pid.o(.bss)
    yaw_angle_PID                            0x20000284   Data          48  pid.o(.bss)
    yaw_rate_PID                             0x200002b4   Data          48  pid.o(.bss)
    table                                    0x200002e4   Data         100  configtable.o(.bss)
    Tx_Data0                                 0x20000348   Data         200  nvt_i2c.o(.bss)
    Rx_Data0                                 0x20000410   Data         200  nvt_i2c.o(.bss)
    euler                                    0x200004e4   Data          12  imuso3.o(.bss)
    imu                                      0x200004fc   Data         192  imu.o(.bss)
    verifyBuffer                             0x200005e2   Data          16  mpu6050.o(.bss)
    Comm_SendDataBuf                         0x200005f2   Data          16  comm.o(.bss)
    Comm_RecDataBuf                          0x20000602   Data          16  comm.o(.bss)
    PID                                      0x20000614   Data          36  report.o(.bss)
    __initial_sp                             0x20000838   Data           0  startup_mini58series.o(STACK)



==============================================================================

Memory Map of the image

  Image Entry point : 0x00000199

  Load Region LR_1 (Base: 0x00000000, Size: 0x00007344, Max: 0xffffffff, ABSOLUTE)

    Execution Region ER_RO (Base: 0x00000000, Size: 0x00007190, Max: 0xffffffff, ABSOLUTE)

    Base Addr    Size         Type   Attr      Idx    E Section Name        Object

    0x00000000   0x000000c0   Data   RO           97    RESET               startup_mini58series.o
    0x000000c0   0x00000000   Code   RO         2081  * .ARM.Collect$$$$00000000  mc_p.l(entry.o)
    0x000000c0   0x00000004   Code   RO         2413    .ARM.Collect$$$$00000001  mc_p.l(entry2.o)
    0x000000c4   0x00000004   Code   RO         2416    .ARM.Collect$$$$00000004  mc_p.l(entry5.o)
    0x000000c8   0x00000000   Code   RO         2418    .ARM.Collect$$$$00000008  mc_p.l(entry7b.o)
    0x000000c8   0x00000000   Code   RO         2420    .ARM.Collect$$$$0000000A  mc_p.l(entry8b.o)
    0x000000c8   0x00000008   Code   RO         2421    .ARM.Collect$$$$0000000B  mc_p.l(entry9a.o)
    0x000000d0   0x00000000   Code   RO         2423    .ARM.Collect$$$$0000000D  mc_p.l(entry10a.o)
    0x000000d0   0x00000000   Code   RO         2425    .ARM.Collect$$$$0000000F  mc_p.l(entry11a.o)
    0x000000d0   0x00000004   Code   RO         2414    .ARM.Collect$$$$00002712  mc_p.l(entry2.o)
    0x000000d4   0x0000001c   Code   RO          300    .emb_text           retarget.o
    0x000000f0   0x000000a8   Code   RO            4    .text               system_mini58series.o
    0x00000198   0x00000014   Code   RO           98  * .text               startup_mini58series.o
    0x000001ac   0x0000001c   Code   RO          111    .text               sys.o
    0x000001c8   0x000000d0   Code   RO          185    .text               uart.o
    0x00000298   0x000000f8   Code   RO          301    .text               retarget.o
    0x00000390   0x0000001c   Code   RO          443    .text               clk.o
    0x000003ac   0x000000cc   Code   RO          449    .text               clk.o
    0x00000478   0x000000d8   Code   RO          557    .text               fmc.o
    0x00000550   0x00000028   Code   RO          626    .text               gpio.o
    0x00000578   0x0000001a   Code   RO          627    .text               gpio.o
    0x00000592   0x00000002   PAD
    0x00000594   0x00000070   Code   RO          658    .text               i2c.o
    0x00000604   0x0000014c   Code   RO          756    .text               pwm.o
    0x00000750   0x00000214   Code   RO         1103    .text               main.o
    0x00000964   0x00000058   Code   RO         1203    .text               led.o
    0x000009bc   0x00000080   Code   RO         1231    .text               timer_ctrl.o
    0x00000a3c   0x00000120   Code   RO         1258    .text               motor.o
    0x00000b5c   0x00000028   Code   RO         1289    .text               battery.o
    0x00000b84   0x000001c8   Code   RO         1338    .text               uartctrl.o
    0x00000d4c   0x00000184   Code   RO         1373    .text               flashctrl.o
    0x00000ed0   0x00000140   Code   RO         1396    .text               rc.o
    0x00001010   0x00000040   Code   RO         1422    .text               failsafe.o
    0x00001050   0x00000014   Code   RO         1446    .text               pid.o
    0x00001064   0x00000014   Code   RO         1447    .text               pid.o
    0x00001078   0x00000014   Code   RO         1448    .text               pid.o
    0x0000108c   0x00000014   Code   RO         1449    .text               pid.o
    0x000010a0   0x00000014   Code   RO         1450    .text               pid.o
    0x000010b4   0x00000014   Code   RO         1451    .text               pid.o
    0x000010c8   0x00000238   Code   RO         1453    .text               pid.o
    0x00001300   0x00000250   Code   RO         1523    .text               control.o
    0x00001550   0x000001b8   Code   RO         1561    .text               configtable.o
    0x00001708   0x0000027c   Code   RO         1601    .text               nvt_i2c.o
    0x00001984   0x00000728   Code   RO         1630    .text               filter.o
    0x000020ac   0x00000bb0   Code   RO         1673    .text               imuso3.o
    0x00002c5c   0x000001ec   Code   RO         1701    .text               imu.o
    0x00002e48   0x0000093c   Code   RO         1729    .text               mpu6050.o
    0x00003784   0x0000010e   Code   RO         1758    .text               i2cdev.o
    0x00003892   0x0000001e   Code   RO         1759    .text               i2cdev.o
    0x000038b0   0x00000470   Code   RO         1865    .text               comm.o
    0x00003d20   0x000004ac   Code   RO         1895    .text               rf.o
    0x000041cc   0x000000c4   Code   RO         1926    .text               report.o
    0x00004290   0x000000c4   Code   RO         1927    .text               report.o
    0x00004354   0x00000044   Code   RO         1928    .text               report.o
    0x00004398   0x00000038   Code   RO         1929    .text               report.o
    0x000043d0   0x00000060   Code   RO         1930    .text               report.o
    0x00004430   0x0000003c   Code   RO         1931    .text               report.o
    0x0000446c   0x0000002c   Code   RO         1932    .text               report.o
    0x00004498   0x00000120   Code   RO         1990    .text               sleepctrl.o
    0x000045b8   0x0000002c   Code   RO         2082    .text               mc_p.l(uidiv.o)
    0x000045e4   0x00000024   Code   RO         2084    .text               mc_p.l(memcpya.o)
    0x00004608   0x00000014   Code   RO         2349    .text               mc_p.l(uread4.o)
    0x0000461c   0x0000001a   Code   RO         2351    .text               mc_p.l(atoi.o)
    0x00004636   0x000000b2   Code   RO         2353    .text               mf_p.l(fadd.o)
    0x000046e8   0x0000007a   Code   RO         2355    .text               mf_p.l(fmul.o)
    0x00004762   0x0000007c   Code   RO         2357    .text               mf_p.l(fdiv.o)
    0x000047de   0x00000018   Code   RO         2359    .text               mf_p.l(fscalb.o)
    0x000047f6   0x00000002   PAD
    0x000047f8   0x00000164   Code   RO         2361    .text               mf_p.l(dadd.o)
    0x0000495c   0x000000d0   Code   RO         2363    .text               mf_p.l(dmul.o)
    0x00004a2c   0x000000f0   Code   RO         2365    .text               mf_p.l(ddiv.o)
    0x00004b1c   0x0000002c   Code   RO         2367    .text               mf_p.l(dscalb.o)
    0x00004b48   0x00000016   Code   RO         2369    .text               mf_p.l(fflti.o)
    0x00004b5e   0x0000000e   Code   RO         2371    .text               mf_p.l(ffltui.o)
    0x00004b6c   0x00000032   Code   RO         2377    .text               mf_p.l(ffixi.o)
    0x00004b9e   0x00000028   Code   RO         2381    .text               mf_p.l(f2d.o)
    0x00004bc6   0x00000038   Code   RO         2383    .text               mf_p.l(d2f.o)
    0x00004bfe   0x00000060   Code   RO         2427    .text               mc_p.l(uldiv.o)
    0x00004c5e   0x00000020   Code   RO         2429    .text               mc_p.l(llshl.o)
    0x00004c7e   0x00000026   Code   RO         2431    .text               mc_p.l(llsshr.o)
    0x00004ca4   0x000000a4   Code   RO         2440    .text               mc_p.l(strtod.o)
    0x00004d48   0x00000070   Code   RO         2442    .text               mc_p.l(strtol.o)
    0x00004db8   0x00000000   Code   RO         2444    .text               mc_p.l(iusefp.o)
    0x00004db8   0x00000082   Code   RO         2445    .text               mf_p.l(fepilogue.o)
    0x00004e3a   0x0000003e   Code   RO         2447    .text               mf_p.l(frnd.o)
    0x00004e78   0x000000be   Code   RO         2449    .text               mf_p.l(depilogue.o)
    0x00004f36   0x000000a2   Code   RO         2453    .text               mf_p.l(dsqrt.o)
    0x00004fd8   0x00000040   Code   RO         2455    .text               mf_p.l(dfixul.o)
    0x00005018   0x00000028   Code   RO         2459    .text               mf_p.l(cdrcmple.o)
    0x00005040   0x00000024   Code   RO         2461    .text               mc_p.l(init.o)
    0x00005064   0x00000022   Code   RO         2463    .text               mc_p.l(llushr.o)
    0x00005086   0x00000002   PAD
    0x00005088   0x00000008   Code   RO         2467    .text               mc_p.l(ctype_o.o)
    0x00005090   0x00000012   Code   RO         2489    .text               mc_p.l(isspace_o.o)
    0x000050a2   0x00000002   PAD
    0x000050a4   0x0000034c   Code   RO         2495    .text               mc_p.l(scanf_fp.o)
    0x000053f0   0x00000044   Code   RO         2499    .text               mc_p.l(_sgetc.o)
    0x00005434   0x000000a6   Code   RO         2501    .text               mc_p.l(_strtoul.o)
    0x000054da   0x0000007a   Code   RO         2503    .text               mc_p.l(llmul.o)
    0x00005554   0x0000001e   Code   RO         2508    .text               mc_p.l(_chval.o)
    0x00005572   0x00000002   PAD
    0x00005574   0x0000001c   Code   RO         2510    .text               mf_p.l(dfltul.o)
    0x00005590   0x00000020   Code   RO         2321    i.__0printf         mc_p.l(printfa.o)
    0x000055b0   0x0000002e   Code   RO         2451    i.__ARM_clz         mf_p.l(depilogue.o)
    0x000055de   0x00000032   Code   RO         2411    i.__ARM_common_ll_muluu  m_ps.l(rredf.o)
    0x00005610   0x0000001a   Code   RO         1884    i.__ARM_common_switch8  comm.o
    0x0000562a   0x00000002   PAD
    0x0000562c   0x0000002c   Code   RO         2399    i.__ARM_fpclassify  m_ps.l(fpclassify.o)
    0x00005658   0x00000022   Code   RO         2401    i.__ARM_fpclassifyf  m_ps.l(fpclassifyf.o)
    0x0000567a   0x00000012   Code   RO         1641    i.__ARM_isinff      filter.o
    0x0000568c   0x0000000e   Code   RO         1646    i.__ARM_isnanf      filter.o
    0x0000569a   0x00000002   PAD
    0x0000569c   0x00000008   Code   RO         2433    i.__aeabi_errno_addr  mc_p.l(errno.o)
    0x000056a4   0x000000ac   Code   RO         2405    i.__kernel_poly     m_ps.l(poly.o)
    0x00005750   0x00000014   Code   RO         2397    i.__mathlib_dbl_underflow  m_ps.l(dunder.o)
    0x00005764   0x0000000e   Code   RO         2403    i.__mathlib_flt_underflow  m_ps.l(funder.o)
    0x00005772   0x00000002   PAD
    0x00005774   0x0000016c   Code   RO         2408    i.__mathlib_rredf2  m_ps.l(rredf.o)
    0x000058e0   0x0000000c   Code   RO         2434    i.__read_errno      mc_p.l(errno.o)
    0x000058ec   0x0000000e   Code   RO         2514    i.__scatterload_copy  mc_p.l(handlers.o)
    0x000058fa   0x00000002   Code   RO         2515    i.__scatterload_null  mc_p.l(handlers.o)
    0x000058fc   0x0000000e   Code   RO         2516    i.__scatterload_zeroinit  mc_p.l(handlers.o)
    0x0000590a   0x00000002   PAD
    0x0000590c   0x0000000c   Code   RO         2435    i.__set_errno       mc_p.l(errno.o)
    0x00005918   0x00000158   Code   RO         2328    i._fp_digits        mc_p.l(printfa.o)
    0x00005a70   0x0000000e   Code   RO         2497    i._is_digit         mc_p.l(scanf_fp.o)
    0x00005a7e   0x00000002   PAD
    0x00005a80   0x000006ec   Code   RO         2329    i._printf_core      mc_p.l(printfa.o)
    0x0000616c   0x00000020   Code   RO         2330    i._printf_post_padding  mc_p.l(printfa.o)
    0x0000618c   0x0000002c   Code   RO         2331    i._printf_pre_padding  mc_p.l(printfa.o)
    0x000061b8   0x0000027c   Code   RO         2020    i.asin              m_ps.l(asin.o)
    0x00006434   0x00000220   Code   RO         2388    i.atan              m_ps.l(atan.o)
    0x00006654   0x00000178   Code   RO         2030    i.atan2             m_ps.l(atan2.o)
    0x000067cc   0x00000254   Code   RO         2038    i.atan2f            m_ps.l(atan2f.o)
    0x00006a20   0x0000002a   Code   RO         2046    i.atof              m_ps.l(atof.o)
    0x00006a4a   0x00000002   PAD
    0x00006a4c   0x0000017c   Code   RO         2050    i.cosf              m_ps.l(cosf.o)
    0x00006bc8   0x00000188   Code   RO         2058    i.sinf              m_ps.l(sinf.o)
    0x00006d50   0x00000048   Code   RO         2066    i.sqrt              m_ps.l(sqrt.o)
    0x00006d98   0x00000170   Code   RO         2074    i.tanf              m_ps.l(tanf.o)
    0x00006f08   0x00000024   Data   RO         1675    .constdata          imuso3.o
    0x00006f2c   0x00000024   Data   RO         1897    .constdata          rf.o
    0x00006f50   0x00000050   Data   RO         2021    .constdata          m_ps.l(asin.o)
    0x00006fa0   0x00000098   Data   RO         2389    .constdata          m_ps.l(atan.o)
    0x00007038   0x00000008   Data   RO         2407    .constdata          m_ps.l(qnan.o)
    0x00007040   0x00000020   Data   RO         2409    .constdata          m_ps.l(rredf.o)
    0x00007060   0x00000081   Data   RO         2468    .constdata          mc_p.l(ctype_o.o)
    0x000070e1   0x00000003   PAD
    0x000070e4   0x00000004   Data   RO         2469    .constdata          mc_p.l(ctype_o.o)
    0x000070e8   0x00000087   Data   RO         1934    .conststring        report.o
    0x0000716f   0x00000001   PAD
    0x00007170   0x00000020   Data   RO         2512    Region$$Table       anon$$obj.o


    Execution Region ER_RW (Base: 0x20000000, Size: 0x000001b4, Max: 0xffffffff, ABSOLUTE)

    Base Addr    Size         Type   Attr      Idx    E Section Name        Object

    0x20000000   0x00000004   Data   RW            5    .data               system_mini58series.o
    0x20000004   0x0000000c   Data   RW            6    .data               system_mini58series.o
    0x20000010   0x00000004   Data   RW          309    .data               retarget.o
    0x20000014   0x00000008   Data   RW         1104    .data               main.o
    0x2000001c   0x00000001   Data   RW         1204    .data               led.o
    0x2000001d   0x00000003   PAD
    0x20000020   0x00000008   Data   RW         1232    .data               timer_ctrl.o
    0x20000028   0x00000008   Data   RW         1259    .data               motor.o
    0x20000030   0x00000004   Data   RW         1293    .data               battery.o
    0x20000034   0x00000003   Data   RW         1340    .data               uartctrl.o
    0x20000037   0x00000001   PAD
    0x20000038   0x00000004   Data   RW         1374    .data               flashctrl.o
    0x2000003c   0x00000004   Data   RW         1397    .data               rc.o
    0x20000040   0x0000001c   Data   RW         1528    .data               control.o
    0x2000005c   0x0000000c   Data   RW         1603    .data               nvt_i2c.o
    0x20000068   0x000000c0   Data   RW         1631    .data               filter.o
    0x20000128   0x00000054   Data   RW         1676    .data               imuso3.o
    0x2000017c   0x00000006   Data   RW         1704    .data               imu.o
    0x20000182   0x00000001   Data   RW         1732    .data               mpu6050.o
    0x20000183   0x00000001   PAD
    0x20000184   0x0000001d   Data   RW         1867    .data               comm.o
    0x200001a1   0x00000001   Data   RW         1935    .data               report.o
    0x200001a2   0x00000002   PAD
    0x200001a4   0x00000008   Data   RW         1991    .data               sleepctrl.o
    0x200001ac   0x00000001   Data   RW         1992    .data               sleepctrl.o
    0x200001ad   0x00000003   PAD
    0x200001b0   0x00000004   Data   RW         2436    .data               mc_p.l(errno.o)


    Execution Region ER_ZI (Base: 0x200001b4, Size: 0x00000684, Max: 0xffffffff, ABSOLUTE)

    Base Addr    Size         Type   Attr      Idx    E Section Name        Object

    0x200001b4   0x0000000f   Zero   RW         1339    .bss                uartctrl.o
    0x200001c3   0x00000001   PAD
    0x200001c4   0x00000120   Zero   RW         1455    .bss                pid.o
    0x200002e4   0x00000064   Zero   RW         1564    .bss                configtable.o
    0x20000348   0x00000190   Zero   RW         1602    .bss                nvt_i2c.o
    0x200004d8   0x00000024   Zero   RW         1674    .bss                imuso3.o
    0x200004fc   0x000000d8   Zero   RW         1702    .bss                imu.o
    0x200005d4   0x0000001e   Zero   RW         1730    .bss                mpu6050.o
    0x200005f2   0x00000020   Zero   RW         1866    .bss                comm.o
    0x20000612   0x00000002   PAD
    0x20000614   0x00000024   Zero   RW         1933    .bss                report.o
    0x20000638   0x00000200   Zero   RW           95    STACK               startup_mini58series.o


==============================================================================

Image component sizes


      Code (inc. data)   RO Data    RW Data    ZI Data      Debug   Object Name

        40         10          0          4          0       6272   battery.o
       232         16          0          0          0       2351   clk.o
      1162         28          0         29         32       3251   comm.o
       440        102          0          0        100       3041   configtable.o
       592         18          0         28          0       4889   control.o
        64         18          0          0          0        567   failsafe.o
      1864         34          0        192          0       5912   filter.o
       388         92          0          4          0       2199   flashctrl.o
       216         10          0          0          0       2109   fmc.o
        66          0          0          0          0       1340   gpio.o
       112          6          0          0          0       1407   i2c.o
       300          0          0          0          0       3639   i2cdev.o
       492         38          0          6        216       2191   imu.o
      2992         68         36         84         36       3763   imuso3.o
        88         14          0          1          0       1090   led.o
       532         54          0          8          0       8341   main.o
       288         38          0          8          0       1269   motor.o
      2364         30          0          1         30      15704   mpu6050.o
       636         32          0         12        400       9084   nvt_i2c.o
       688         38          0          0        288       6678   pid.o
       332         12          0          0          0       1956   pwm.o
       320        148          0          4          0       1508   rc.o
       716        122        135          1         36       3626   report.o
       276        128          0          4          0       3438   retarget.o
      1196         18         36          0          0       8433   rf.o
       288        106          0          9          0       1975   sleepctrl.o
        20          4        192          0        512        684   startup_mini58series.o
        28          0          0          0          0        446   sys.o
       168         30          0         16          0     134661   system_mini58series.o
       128         22          0          8          0       7547   timer_ctrl.o
       208         26          0          0          0     124764   uart.o
       456         40          0          3         15       2485   uartctrl.o

    ----------------------------------------------------------------------
     17698       1302        432        432       1668     376620   Object Totals
         0          0         32          0          0          0   (incl. Generated)
         6          0          1         10          3          0   (incl. Padding)

    ----------------------------------------------------------------------

      Code (inc. data)   RO Data    RW Data    ZI Data      Debug   Library Member Name

       636         52         80          0          0        104   asin.o
       544         70        152          0          0        112   atan.o
       376         42          0          0          0        144   atan2.o
       596         76          0          0          0        116   atan2f.o
        42          0          0          0          0         76   atof.o
       380         56          0          0          0        104   cosf.o
        20          6          0          0          0         68   dunder.o
        44          4          0          0          0         60   fpclassify.o
        34          0          0          0          0         60   fpclassifyf.o
        14          0          0          0          0         68   funder.o
       172          0          0          0          0         76   poly.o
         0          0          8          0          0          0   qnan.o
       414         18         32          0          0        168   rredf.o
       392         56          0          0          0        104   sinf.o
        72          6          0          0          0         76   sqrt.o
       368         56          0          0          0         92   tanf.o
        30          0          0          0          0         60   _chval.o
        68          0          0          0          0         76   _sgetc.o
       166          0          0          0          0         84   _strtoul.o
        26          0          0          0          0         72   atoi.o
         8          4        133          0          0         60   ctype_o.o
         0          0          0          0          0          0   entry.o
         0          0          0          0          0          0   entry10a.o
         0          0          0          0          0          0   entry11a.o
         8          4          0          0          0          0   entry2.o
         4          0          0          0          0          0   entry5.o
         0          0          0          0          0          0   entry7b.o
         0          0          0          0          0          0   entry8b.o
         8          4          0          0          0          0   entry9a.o
        32         16          0          4          0        180   errno.o
        30          0          0          0          0          0   handlers.o
        36          8          0          0          0         68   init.o
        18          0          0          0          0         68   isspace_o.o
         0          0          0          0          0          0   iusefp.o
       122          0          0          0          0         84   llmul.o
        32          0          0          0          0         68   llshl.o
        38          0          0          0          0         68   llsshr.o
        34          0          0          0          0         68   llushr.o
        36          0          0          0          0         60   memcpya.o
      2224         98          0          0          0        412   printfa.o
       858         12          0          0          0        184   scanf_fp.o
       164         18          0          0          0        120   strtod.o
       112          4          0          0          0         76   strtol.o
        44          0          0          0          0         72   uidiv.o
        96          0          0          0          0         84   uldiv.o
        20          0          0          0          0         60   uread4.o
        40          2          0          0          0         68   cdrcmple.o
        56          0          0          0          0         68   d2f.o
       356          4          0          0          0        140   dadd.o
       240          6          0          0          0         84   ddiv.o
       236          0          0          0          0        216   depilogue.o
        64         10          0          0          0         68   dfixul.o
        28          6          0          0          0         68   dfltul.o
       208          6          0          0          0         88   dmul.o
        44          0          0          0          0         72   dscalb.o
       162          0          0          0          0         80   dsqrt.o
        40          0          0          0          0         60   f2d.o
       178          0          0          0          0        108   fadd.o
       124          0          0          0          0         72   fdiv.o
       130          0          0          0          0        144   fepilogue.o
        50          0          0          0          0         60   ffixi.o
        22          0          0          0          0         68   fflti.o
        14          0          0          0          0         68   ffltui.o
       122          0          0          0          0         72   fmul.o
        62          0          0          0          0         68   frnd.o
        24          0          0          0          0         60   fscalb.o

    ----------------------------------------------------------------------
     10534        644        408          4          0       5184   Library Totals
        16          0          3          0          0          0   (incl. Padding)

    ----------------------------------------------------------------------

      Code (inc. data)   RO Data    RW Data    ZI Data      Debug   Library Name

      4104        442        272          0          0       1428   m_ps.l
      4214        168        133          4          0       2024   mc_p.l
      2200         34          0          0          0       1732   mf_p.l

    ----------------------------------------------------------------------
     10534        644        408          4          0       5184   Library Totals

    ----------------------------------------------------------------------

==============================================================================


      Code (inc. data)   RO Data    RW Data    ZI Data      Debug   

     28232       1946        840        436       1668     375824   Grand Totals
     28232       1946        840        436       1668     375824   ELF Image Totals
     28232       1946        840        436          0          0   ROM Totals

==============================================================================

    Total RO  Size (Code + RO Data)                29072 (  28.39kB)
    Total RW  Size (RW Data + ZI Data)              2104 (   2.05kB)
    Total ROM Size (Code + RO Data + RW Data)      29508 (  28.82kB)

==============================================================================

