Product: MDK-ARM Professional 5.10
Component: ARM Compiler 5.04 update 1 (build 49)
Tool: armlink [5040049]

==============================================================================

Small function inlining results

Inlined total of 0 calls.

==============================================================================

Section Cross References

    system_mini58series.o(.text) refers to uidiv.o(.text) for __aeabi_uidivmod
    system_mini58series.o(.text) refers to system_mini58series.o(.data) for .data
    startup_mini58series.o(RESET) refers to startup_mini58series.o(STACK) for __initial_sp
    startup_mini58series.o(RESET) refers to startup_mini58series.o(.text) for Reset_Handler
    startup_mini58series.o(RESET) refers to retarget.o(.emb_text) for HardFault_Handler
    startup_mini58series.o(RESET) refers to timer_ctrl.o(.text) for SysTick_Handler
    startup_mini58series.o(RESET) refers to sleepctrl.o(.text) for GPIO234_IRQHandler
    startup_mini58series.o(RESET) refers to uartctrl.o(.text) for UART0_IRQHandler
    startup_mini58series.o(RESET) refers to nvt_i2c.o(.text) for I2C0_IRQHandler
    startup_mini58series.o(RESET) refers to battery.o(.text) for ADC_IRQHandler
    startup_mini58series.o(.text) refers to entry.o(.ARM.Collect$$$$00000000) for __main
    uart.o(.text) refers to uidiv.o(.text) for __aeabi_uidivmod
    uart.o(.text) refers to system_mini58series.o(.data) for __HSI
    uart.o(.text) refers to uidiv.o(.text) for __aeabi_uidivmod
    uart.o(.text) refers to uart.o(.text) for CLK_GetPLLClockFreq
    uart.o(.text) refers to system_mini58series.o(.data) for __HSI
    uart.o(.text) refers to uidiv.o(.text) for __aeabi_uidivmod
    uart.o(.text) refers to uart.o(.text) for CLK_GetPLLClockFreq
    uart.o(.text) refers to system_mini58series.o(.data) for __HSI
    retarget.o(.emb_text) refers to retarget.o(.text) for Hard_Fault_Handler
    retarget.o(.text) refers to printfa.o(i.__0printf) for __2printf
    retarget.o(.text) refers to retarget.o(.text) for SendChar_ToUART
    retarget.o(.text) refers to retarget.o(.text) for SendChar_ToUART
    retarget.o(.text) refers to retarget.o(.text) for GetChar
    clk.o(.text) refers to system_mini58series.o(.text) for SystemCoreClockUpdate
    clk.o(.text) refers to system_mini58series.o(.data) for SystemCoreClock
    clk.o(.text) refers to system_mini58series.o(.text) for SystemCoreClockUpdate
    clk.o(.text) refers to system_mini58series.o(.data) for SystemCoreClock
    clk.o(.text) refers to system_mini58series.o(.text) for SystemCoreClockUpdate
    clk.o(.text) refers to clk.o(.text) for CLK_DisablePLL
    clk.o(.text) refers to clk.o(.text) for CLK_WaitClockReady
    clk.o(.text) refers to uidiv.o(.text) for __aeabi_uidivmod
    clk.o(.text) refers to clk.o(.text) for CLK_WaitClockReady
    clk.o(.text) refers to clk.o(.text) for CLK_EnablePLL
    clk.o(.text) refers to system_mini58series.o(.data) for CyclesPerUs
    i2c.o(.text) refers to uidiv.o(.text) for __aeabi_uidivmod
    i2c.o(.text) refers to system_mini58series.o(.data) for SystemCoreClock
    i2c.o(.text) refers to uidiv.o(.text) for __aeabi_uidivmod
    i2c.o(.text) refers to system_mini58series.o(.data) for SystemCoreClock
    i2c.o(.text) refers to uidiv.o(.text) for __aeabi_uidivmod
    i2c.o(.text) refers to system_mini58series.o(.data) for SystemCoreClock
    pwm.o(.text) refers to uidiv.o(.text) for __aeabi_uidivmod
    pwm.o(.text) refers to system_mini58series.o(.data) for SystemCoreClock
    spi.o(.text) refers to uidiv.o(.text) for __aeabi_uidivmod
    spi.o(.text) refers to clk.o(.text) for CLK_GetHCLKFreq
    spi.o(.text) refers to uidiv.o(.text) for __aeabi_uidivmod
    spi.o(.text) refers to clk.o(.text) for CLK_GetHXTFreq
    spi.o(.text) refers to clk.o(.text) for CLK_GetLXTFreq
    spi.o(.text) refers to spi.o(.text) for CLK_GetPLLClockFreq
    spi.o(.text) refers to spi.o(.text) for SPI_SetBusClock
    spi.o(.text) refers to clk.o(.text) for CLK_GetHCLKFreq
    spi.o(.text) refers to uidiv.o(.text) for __aeabi_uidivmod
    spi.o(.text) refers to clk.o(.text) for CLK_GetHXTFreq
    spi.o(.text) refers to clk.o(.text) for CLK_GetLXTFreq
    spi.o(.text) refers to spi.o(.text) for CLK_GetPLLClockFreq
    timer.o(.text) refers to system_mini58series.o(.data) for __HSI
    timer.o(.text) refers to system_mini58series.o(.data) for SystemCoreClock
    timer.o(.text) refers to timer.o(.text) for TIMER_GetModuleClock
    timer.o(.text) refers to uidiv.o(.text) for __aeabi_uidivmod
    timer.o(.text) refers to timer.o(.text) for TIMER_GetModuleClock
    timer.o(.text) refers to uidiv.o(.text) for __aeabi_uidivmod
    timer.o(.text) refers to ffltui.o(.text) for __aeabi_ui2f
    timer.o(.text) refers to fmul.o(.text) for __aeabi_fmul
    timer.o(.text) refers to fdiv.o(.text) for __aeabi_fdiv
    timer.o(.text) refers to ffixui.o(.text) for __aeabi_f2uiz
[...]
    .text                                    0x00005350   Section        0  isspace_o.o(.text)
    .text                                    0x00005364   Section        0  scanf_fp.o(.text)
    _fp_value                                0x00005365   Thumb Code   246  scanf_fp.o(.text)
    .text                                    0x000056b0   Section        0  _sgetc.o(.text)
    .text                                    0x000056f4   Section        0  _strtoul.o(.text)
    .text                                    0x0000579a   Section        0  llmul.o(.text)
    .text                                    0x00005814   Section        0  _chval.o(.text)
    .text                                    0x00005834   Section        0  dfltul.o(.text)
    i.__0printf                              0x00005850   Section        0  printfa.o(i.__0printf)
    i.__ARM_clz                              0x00005870   Section        0  depilogue.o(i.__ARM_clz)
    i.__ARM_common_ll_muluu                  0x0000589e   Section        0  rredf.o(i.__ARM_common_ll_muluu)
    i.__ARM_common_switch8                   0x000058d0   Section        0  comm.o(i.__ARM_common_switch8)
    i.__ARM_fpclassify                       0x000058ec   Section        0  fpclassify.o(i.__ARM_fpclassify)
    i.__ARM_fpclassifyf                      0x00005918   Section        0  fpclassifyf.o(i.__ARM_fpclassifyf)
    i.__ARM_isinff                           0x0000593a   Section        0  filter.o(i.__ARM_isinff)
    i.__ARM_isnanf                           0x0000594c   Section        0  filter.o(i.__ARM_isnanf)
    i.__aeabi_errno_addr                     0x0000595c   Section        0  errno.o(i.__aeabi_errno_addr)
    i.__kernel_poly                          0x00005964   Section        0  poly.o(i.__kernel_poly)
    i.__mathlib_dbl_underflow                0x00005a10   Section        0  dunder.o(i.__mathlib_dbl_underflow)
    i.__mathlib_flt_underflow                0x00005a24   Section        0  funder.o(i.__mathlib_flt_underflow)
    i.__mathlib_rredf2                       0x00005a34   Section        0  rredf.o(i.__mathlib_rredf2)
    i.__read_errno                           0x00005ba0   Section        0  errno.o(i.__read_errno)
    i.__scatterload_copy                     0x00005bac   Section       14  handlers.o(i.__scatterload_copy)
    i.__scatterload_null                     0x00005bba   Section        2  handlers.o(i.__scatterload_null)
    i.__scatterload_zeroinit                 0x00005bbc   Section       14  handlers.o(i.__scatterload_zeroinit)
    i.__set_errno                            0x00005bcc   Section        0  errno.o(i.__set_errno)
    i._fp_digits                             0x00005bd8   Section        0  printfa.o(i._fp_digits)
    _fp_digits                               0x00005bd9   Thumb Code   316  printfa.o(i._fp_digits)
    i._is_digit                              0x00005d30   Section        0  scanf_fp.o(i._is_digit)
    i._printf_core                           0x00005d40   Section        0  printfa.o(i._printf_core)
    _printf_core                             0x00005d41   Thumb Code  1754  printfa.o(i._printf_core)
    i._printf_post_padding                   0x0000642c   Section        0  printfa.o(i._printf_post_padding)
    _printf_post_padding                     0x0000642d   Thumb Code    32  printfa.o(i._printf_post_padding)
    i._printf_pre_padding                    0x0000644c   Section        0  printfa.o(i._printf_pre_padding)
    _printf_pre_padding                      0x0000644d   Thumb Code    44  printfa.o(i._printf_pre_padding)
    i.asin                                   0x00006478   Section        0  asin.o(i.asin)
    i.atan                                   0x000066f4   Section        0  atan.o(i.atan)
    i.atan2                                  0x00006914   Section        0  atan2.o(i.atan2)
    i.atan2f                                 0x00006a8c   Section        0  atan2f.o(i.atan2f)
    i.atof                                   0x00006ce0   Section        0  atof.o(i.atof)
    i.cosf                                   0x00006d0c   Section        0  cosf.o(i.cosf)
    i.sinf                                   0x00006e88   Section        0  sinf.o(i.sinf)
    i.sqrt                                   0x00007010   Section        0  sqrt.o(i.sqrt)
    i.tanf                                   0x00007058   Section        0  tanf.o(i.tanf)
    .constdata                               0x000071c8   Section       36  imuso3.o(.constdata)
    .constdata                               0x000071ec   Section       36  rf.o(.constdata)
    .constdata                               0x00007210   Section       80  asin.o(.constdata)
    pS                                       0x00007210   Data          48  asin.o(.constdata)
    qS                                       0x00007240   Data          32  asin.o(.constdata)
    .constdata                               0x00007260   Section      152  atan.o(.constdata)
    atanhi                                   0x00007260   Data          32  atan.o(.constdata)
    atanlo                                   0x00007280   Data          32  atan.o(.constdata)
    aTodd                                    0x000072a0   Data          40  atan.o(.constdata)
    aTeven                                   0x000072c8   Data          48  atan.o(.constdata)
    .constdata                               0x000072f8   Section        8  qnan.o(.constdata)
    .constdata                               0x00007300   Section       32  rredf.o(.constdata)
    twooverpi                                0x00007300   Data          32  rredf.o(.constdata)
    .constdata                               0x00007320   Section      129  ctype_o.o(.constdata)
    .constdata                               0x000073a4   Section        4  ctype_o.o(.constdata)
    table                                    0x000073a4   Data           4  ctype_o.o(.constdata)
    .conststring                             0x000073a8   Section      135  report.o(.conststring)
    .data                                    0x20000000   Section        4  system_mini58series.o(.data)
    .data                                    0x20000004   Section       12  system_mini58series.o(.data)
    .data                                    0x20000010   Section        4  retarget.o(.data)
    .data                                    0x20000014   Section        8  main.o(.data)
    falg                                     0x20000014   Data           1  main.o(.data)
    nextTick                                 0x20000018   Data           4  main.o(.data)
    .data                                    0x2000001c   Section        1  led.o(.data)
    .data                                    0x20000020   Section        8  timer_ctrl.o(.data)
    .data                                    0x20000028   Section        8  motor.o(.data)
    .data                                    0x20000030   Section        4  battery.o(.data)
    .data                                    0x20000034   Section        3  uartctrl.o(.data)
    .data                                    0x20000038   Section        4  flashctrl.o(.data)
    .data                                    0x2000003c   Section        5  rc.o(.data)
    .data                                    0x20000044   Section       28  control.o(.data)
    .data                                    0x20000060   Section       12  nvt_i2c.o(.data)
    s_I2C0HandlerFn                          0x20000068   Data           4  nvt_i2c.o(.data)
    .data                                    0x2000006c   Section      192  filter.o(.data)
    _cutoff_freq1                            0x2000006c   Data           4  filter.o(.data)
    _a11                                     0x20000070   Data           4  filter.o(.data)
    _a21                                     0x20000074   Data           4  filter.o(.data)
    _b01                                     0x20000078   Data           4  filter.o(.data)
    _b11                                     0x2000007c   Data           4  filter.o(.data)
    _b21                                     0x20000080   Data           4  filter.o(.data)
    _delay_element_11                        0x20000084   Data           4  filter.o(.data)
    _delay_element_21                        0x20000088   Data           4  filter.o(.data)
    _cutoff_freq2                            0x2000008c   Data           4  filter.o(.data)
    _a12                                     0x20000090   Data           4  filter.o(.data)
    _a22                                     0x20000094   Data           4  filter.o(.data)
    _b02                                     0x20000098   Data           4  filter.o(.data)
    _b12                                     0x2000009c   Data           4  filter.o(.data)
    _b22                                     0x200000a0   Data           4  filter.o(.data)
    _delay_element_12                        0x200000a4   Data           4  filter.o(.data)
    _delay_element_22                        0x200000a8   Data           4  filter.o(.data)
    _cutoff_freq3                            0x200000ac   Data           4  filter.o(.data)
    _a13                                     0x200000b0   Data           4  filter.o(.data)
    _a23                                     0x200000b4   Data           4  filter.o(.data)
    _b03                                     0x200000b8   Data           4  filter.o(.data)
    _b13                                     0x200000bc   Data           4  filter.o(.data)
    _b23                                     0x200000c0   Data           4  filter.o(.data)
    _delay_element_13                        0x200000c4   Data           4  filter.o(.data)
    _delay_element_23                        0x200000c8   Data           4  filter.o(.data)
    _cutoff_freq4                            0x200000cc   Data           4  filter.o(.data)
    _a14                                     0x200000d0   Data           4  filter.o(.data)
    _a24                                     0x200000d4   Data           4  filter.o(.data)
    _b04                                     0x200000d8   Data           4  filter.o(.data)
    _b14                                     0x200000dc   Data           4  filter.o(.data)
    _b24                                     0x200000e0   Data           4  filter.o(.data)
    _delay_element_14                        0x200000e4   Data           4  filter.o(.data)
    _delay_element_24                        0x200000e8   Data           4  filter.o(.data)
    _cutoff_freq5                            0x200000ec   Data           4  filter.o(.data)
    _a15                                     0x200000f0   Data           4  filter.o(.data)
    _a25                                     0x200000f4   Data           4  filter.o(.data)
    _b05                                     0x200000f8   Data           4  filter.o(.data)
    _b15                                     0x200000fc   Data           4  filter.o(.data)
    _b25                                     0x20000100   Data           4  filter.o(.data)
    _delay_element_15                        0x20000104   Data           4  filter.o(.data)
    _delay_element_25                        0x20000108   Data           4  filter.o(.data)
    _cutoff_freq6                            0x2000010c   Data           4  filter.o(.data)
    _a16                                     0x20000110   Data           4  filter.o(.data)
    _a26                                     0x20000114   Data           4  filter.o(.data)
    _b06                                     0x20000118   Data           4  filter.o(.data)
    _b16                                     0x2000011c   Data           4  filter.o(.data)
    _b26                                     0x20000120   Data           4  filter.o(.data)
    _delay_element_16                        0x20000124   Data           4  filter.o(.data)
    _delay_element_26                        0x20000128   Data           4  filter.o(.data)
    .data                                    0x2000012c   Section       84  imuso3.o(.data)
    bFilterInit                              0x2000012c   Data           1  imuso3.o(.data)
    offset_count                             0x2000012e   Data           2  imuso3.o(.data)
    q0                                       0x20000130   Data           4  imuso3.o(.data)
    q1                                       0x20000134   Data           4  imuso3.o(.data)
    q2                                       0x20000138   Data           4  imuso3.o(.data)
    q3                                       0x2000013c   Data           4  imuso3.o(.data)
    dq0                                      0x20000140   Data           4  imuso3.o(.data)
    dq1                                      0x20000144   Data           4  imuso3.o(.data)
    dq2                                      0x20000148   Data           4  imuso3.o(.data)
    dq3                                      0x2000014c   Data           4  imuso3.o(.data)
    tPrev                                    0x20000150   Data           4  imuso3.o(.data)
    startTime                                0x20000154   Data           4  imuso3.o(.data)
    q0q0                                     0x20000158   Data           4  imuso3.o(.data)
    q0q1                                     0x2000015c   Data           4  imuso3.o(.data)
    q0q2                                     0x20000160   Data           4  imuso3.o(.data)
    q0q3                                     0x20000164   Data           4  imuso3.o(.data)
    q1q1                                     0x20000168   Data           4  imuso3.o(.data)
    q1q2                                     0x2000016c   Data           4  imuso3.o(.data)
    q1q3                                     0x20000170   Data           4  imuso3.o(.data)
    q2q2                                     0x20000174   Data           4  imuso3.o(.data)
    q2q3                                     0x20000178   Data           4  imuso3.o(.data)
    q3q3                                     0x2000017c   Data           4  imuso3.o(.data)
    .data                                    0x20000180   Section        6  imu.o(.data)
    calibrating                              0x20000180   Data           1  imu.o(.data)
    cnt                                      0x20000182   Data           2  imu.o(.data)
    tPrev                                    0x20000184   Data           2  imu.o(.data)
    .data                                    0x20000186   Section        1  mpu6050.o(.data)
    devAddr                                  0x20000186   Data           1  mpu6050.o(.data)
    .data                                    0x20000188   Section       29  comm.o(.data)
    .data                                    0x200001a5   Section        1  report.o(.data)
    .data                                    0x200001a8   Section        8  sleepctrl.o(.data)
    .data                                    0x200001b0   Section        1  sleepctrl.o(.data)
    .data                                    0x200001b4   Section        8  jump.o(.data)
    .data                                    0x200001bc   Section        4  errno.o(.data)
    _errno                                   0x200001bc   Data           4  errno.o(.data)
    .bss                                     0x200001c0   Section       15  uartctrl.o(.bss)
    .bss                                     0x200001d0   Section      288  pid.o(.bss)
    .bss                                     0x200002f0   Section      100  configtable.o(.bss)
    .bss                                     0x20000354   Section      400  nvt_i2c.o(.bss)
    .bss                                     0x200004e4   Section       36  imuso3.o(.bss)
    gyro_bias                                0x200004e4   Data          12  imuso3.o(.bss)
    gyro_offsets_sum                         0x200004fc   Data          12  imuso3.o(.bss)
    .bss                                     0x20000508   Section      216  imu.o(.bss)
    accSum                                   0x200005c8   Data          12  imu.o(.bss)
    gyroSum                                  0x200005d4   Data          12  imu.o(.bss)
    .bss                                     0x200005e0   Section       30  mpu6050.o(.bss)
    buffer                                   0x200005e0   Data          14  mpu6050.o(.bss)
    .bss                                     0x200005fe   Section       32  comm.o(.bss)
    .bss                                     0x20000620   Section       36  report.o(.bss)
    STACK                                    0x20000648   Section      512  startup_mini58series.o(STACK)

    Global Symbols

    Symbol Name                              Value     Ov Type        Size  Object(Section)

    BuildAttributes$$THM_ISAv3M$S$PE$A:L22$X:L11$S22$IEEE1$IW$USESV6$~STKCKD$USESV7$~SHL$OTIME$ROPI$IEEEX$EBA8$MICROLIB$REQ8$PRES8$EABIv2 0x00000000   Number         0  anon$$obj.o ABSOLUTE
    __ARM_use_no_argv                        0x00000000   Number         0  main.o ABSOLUTE
    __Vectors                                0x00000000   Data           4  startup_mini58series.o(RESET)
    _printf_a                                0x00000000   Number         0  stubs.o ABSOLUTE
    _printf_c                                0x00000000   Number         0  stubs.o ABSOLUTE
    _printf_charcount                        0x00000000   Number         0  stubs.o ABSOLUTE
    _printf_d                                0x00000000   Number         0  stubs.o ABSOLUTE
    _printf_e                                0x00000000   Number         0  stubs.o ABSOLUTE
    _printf_f                                0x00000000   Number         0  stubs.o ABSOLUTE
    _printf_flags                            0x00000000   Number         0  stubs.o ABSOLUTE
    _printf_fp_dec                           0x00000000   Number         0  stubs.o ABSOLUTE
    _printf_fp_hex                           0x00000000   Number         0  stubs.o ABSOLUTE
    _printf_g                                0x00000000   Number         0  stubs.o ABSOLUTE
    _printf_i                                0x00000000   Number         0  stubs.o ABSOLUTE
    _printf_int_dec                          0x00000000   Number         0  stubs.o ABSOLUTE
    _printf_l                                0x00000000   Number         0  stubs.o ABSOLUTE
    _printf_lc                               0x00000000   Number         0  stubs.o ABSOLUTE
    _printf_ll                               0x00000000   Number         0  stubs.o ABSOLUTE
    _printf_lld                              0x00000000   Number         0  stubs.o ABSOLUTE
    _printf_lli                              0x00000000   Number         0  stubs.o ABSOLUTE
    _printf_llo                              0x00000000   Number         0  stubs.o ABSOLUTE
    _printf_llu                              0x00000000   Number         0  stubs.o ABSOLUTE
    _printf_llx                              0x00000000   Number         0  stubs.o ABSOLUTE
    _printf_longlong_dec                     0x00000000   Number         0  stubs.o ABSOLUTE
    _printf_longlong_hex                     0x00000000   Number         0  stubs.o ABSOLUTE
    _printf_longlong_oct                     0x00000000   Number         0  stubs.o ABSOLUTE
    _printf_ls                               0x00000000   Number         0  stubs.o ABSOLUTE
    _printf_mbtowc                           0x00000000   Number         0  stubs.o ABSOLUTE
    _printf_n                                0x00000000   Number         0  stubs.o ABSOLUTE
    _printf_o                                0x00000000   Number         0  stubs.o ABSOLUTE
    _printf_p                                0x00000000   Number         0  stubs.o ABSOLUTE
    _printf_percent                          0x00000000   Number         0  stubs.o ABSOLUTE
    _printf_pre_padding                      0x00000000   Number         0  stubs.o ABSOLUTE
    _printf_return_value                     0x00000000   Number         0  stubs.o ABSOLUTE
    _printf_s                                0x00000000   Number         0  stubs.o ABSOLUTE
    _printf_sizespec                         0x00000000   Number         0  stubs.o ABSOLUTE
    _printf_str                              0x00000000   Number         0  stubs.o ABSOLUTE
    _printf_truncate_signed                  0x00000000   Number         0  stubs.o ABSOLUTE
    _printf_truncate_unsigned                0x00000000   Number         0  stubs.o ABSOLUTE
    _printf_u                                0x00000000   Number         0  stubs.o ABSOLUTE
    _printf_wc                               0x00000000   Number         0  stubs.o ABSOLUTE
    _printf_wctomb                           0x00000000   Number         0  stubs.o ABSOLUTE
    _printf_widthprec                        0x00000000   Number         0  stubs.o ABSOLUTE
    _printf_x                                0x00000000   Number         0  stubs.o ABSOLUTE
    __cpp_initialize__aeabi_                  - Undefined Weak Reference
    __cxa_finalize                            - Undefined Weak Reference
    __decompress                              - Undefined Weak Reference
    _clock_init                               - Undefined Weak Reference
    _microlib_exit                            - Undefined Weak Reference
    __main                                   0x000000c1   Thumb Code     0  entry.o(.ARM.Collect$$$$00000000)
    _main_stk                                0x000000c1   Thumb Code     0  entry2.o(.ARM.Collect$$$$00000001)
    _main_scatterload                        0x000000c5   Thumb Code     0  entry5.o(.ARM.Collect$$$$00000004)
    __main_after_scatterload                 0x000000c9   Thumb Code     0  entry5.o(.ARM.Collect$$$$00000004)
    _main_clock                              0x000000c9   Thumb Code     0  entry7b.o(.ARM.Collect$$$$00000008)
    _main_cpp_init                           0x000000c9   Thumb Code     0  entry8b.o(.ARM.Collect$$$$0000000A)
    _main_init                               0x000000c9   Thumb Code     0  entry9a.o(.ARM.Collect$$$$0000000B)
    __rt_final_cpp                           0x000000d1   Thumb Code     0  entry10a.o(.ARM.Collect$$$$0000000D)
    __rt_final_exit                          0x000000d1   Thumb Code     0  entry11a.o(.ARM.Collect$$$$0000000F)
    HardFault_Handler                        0x000000d5   Thumb Code    24  retarget.o(.emb_text)
    SystemCoreClockUpdate                    0x000000f1   Thumb Code   138  system_mini58series.o(.text)
    Reset_Handler                            0x00000199   Thumb Code     4  startup_mini58series.o(.text)
    NMI_Handler                              0x0000019d   Thumb Code     2  startup_mini58series.o(.text)
    SVC_Handler                              0x000001a1   Thumb Code     2  startup_mini58series.o(.text)
    PendSV_Handler                           0x000001a3   Thumb Code     2  startup_mini58series.o(.text)
    ACMP_IRQHandler                          0x000001a7   Thumb Code     0  startup_mini58series.o(.text)
    BOD_IRQHandler                           0x000001a7   Thumb Code     0  startup_mini58series.o(.text)
    EINT0_IRQHandler                         0x000001a7   Thumb Code     0  startup_mini58series.o(.text)
    EINT1_IRQHandler                         0x000001a7   Thumb Code     0  startup_mini58series.o(.text)
    FB_IRQHandler                            0x000001a7   Thumb Code     0  startup_mini58series.o(.text)
    GPIO01_IRQHandler                        0x000001a7   Thumb Code     0  startup_mini58series.o(.text)
    GPIO5_IRQHandler                         0x000001a7   Thumb Code     0  startup_mini58series.o(.text)
    HIRC_IRQHandler                          0x000001a7   Thumb Code     0  startup_mini58series.o(.text)
    I2C1_IRQHandler                          0x000001a7   Thumb Code     0  startup_mini58series.o(.text)
    PDWU_IRQHandler                          0x000001a7   Thumb Code     0  startup_mini58series.o(.text)
    PWM_IRQHandler                           0x000001a7   Thumb Code     0  startup_mini58series.o(.text)
    SPI_IRQHandler                           0x000001a7   Thumb Code     0  startup_mini58series.o(.text)
    TMR0_IRQHandler                          0x000001a7   Thumb Code     0  startup_mini58series.o(.text)
    TMR1_IRQHandler                          0x000001a7   Thumb Code     0  startup_mini58series.o(.text)
    UART1_IRQHandler                         0x000001a7   Thumb Code     0  startup_mini58series.o(.text)
    WDT_IRQHandler                           0x000001a7   Thumb Code     0  startup_mini58series.o(.text)
    SYS_ResetModule                          0x000001ad   Thumb Code    28  sys.o(.text)
    UART_Open                                0x0000020f   Thumb Code   112  uart.o(.text)
    stackDump                                0x00000299   Thumb Code    70  retarget.o(.text)
    Hard_Fault_Handler                       0x000002df   Thumb Code    16  retarget.o(.text)
    SendChar_ToUART                          0x000002ef   Thumb Code    26  retarget.o(.text)
    fputc                                    0x00000309   Thumb Code    12  retarget.o(.text)
    CLK_PowerDown                            0x00000391   Thumb Code    20  clk.o(.text)
    CLK_SetHCLK                              0x000003ad   Thumb Code    30  clk.o(.text)
    CLK_WaitClockReady                       0x000003cb   Thumb Code    34  clk.o(.text)
    CLK_SetModuleClock                       0x000003ed   Thumb Code    76  clk.o(.text)
    CLK_SetSysTickClockSrc                   0x00000439   Thumb Code    14  clk.o(.text)
    CLK_EnableXtalRC                         0x00000447   Thumb Code    18  clk.o(.text)
    CLK_EnableModuleClock                    0x00000459   Thumb Code    24  clk.o(.text)
    FMC_Close                                0x00000479   Thumb Code    12  fmc.o(.text)
    FMC_Erase                                0x00000485   Thumb Code    42  fmc.o(.text)
    FMC_Open                                 0x000004af   Thumb Code    12  fmc.o(.text)
    FMC_Read                                 0x000004bb   Thumb Code    22  fmc.o(.text)
    FMC_ReadDataFlashBaseAddr                0x000004d1   Thumb Code     6  fmc.o(.text)
    FMC_Write                                0x000004d7   Thumb Code    22  fmc.o(.text)
    FMC_ReadConfig                           0x000004ed   Thumb Code    34  fmc.o(.text)
    FMC_WriteConfig                          0x0000050f   Thumb Code    56  fmc.o(.text)
    GPIO_SetMode                             0x00000551   Thumb Code    40  gpio.o(.text)
    GPIO_EnableInt                           0x00000579   Thumb Code    26  gpio.o(.text)
    I2C_Open                                 0x00000595   Thumb Code    50  i2c.o(.text)
    I2C_ClearTimeoutFlag                     0x000005c7   Thumb Code    10  i2c.o(.text)
    I2C_EnableInt                            0x000005d1   Thumb Code    10  i2c.o(.text)
    I2C_EnableTimeout                        0x000005db   Thumb Code    26  i2c.o(.text)
    I2C_DisableTimeout                       0x000005f5   Thumb Code    10  i2c.o(.text)
    PWM_ConfigOutputChannel                  0x00000605   Thumb Code   226  pwm.o(.text)
    PWM_Start                                0x000006e7   Thumb Code    40  pwm.o(.text)
    PWM_Stop                                 0x0000070f   Thumb Code    30  pwm.o(.text)
    PWM_EnableOutput                         0x0000072d   Thumb Code    12  pwm.o(.text)
    PWM_DisableOutput                        0x00000739   Thumb Code    12  pwm.o(.text)
    setupSystemClock                         0x00000751   Thumb Code    52  main.o(.text)
    setup                                    0x00000785   Thumb Code   112  main.o(.text)
    loop                                     0x000007f5   Thumb Code   148  main.o(.text)
    main                                     0x00000889   Thumb Code   130  main.o(.text)
    MotorTest                                0x0000090b   Thumb Code    44  main.o(.text)
    LED_Init                                 0x0000096d   Thumb Code    14  led.o(.text)
    UpdateLED                                0x0000097b   Thumb Code    22  led.o(.text)
    LED_ON                                   0x00000991   Thumb Code     8  led.o(.text)
    LED_Tongle                               0x00000999   Thumb Code    22  led.o(.text)
    LED_OFF                                  0x000009af   Thumb Code     8  led.o(.text)
    SysTick_Handler                          0x000009c5   Thumb Code    10  timer_ctrl.o(.text)
    setup_system_tick                        0x000009cf   Thumb Code    58  timer_ctrl.o(.text)
    getSystemTime                            0x00000a09   Thumb Code     6  timer_ctrl.o(.text)
    DelayMsec                                0x00000a0f   Thumb Code    14  timer_ctrl.o(.text)
    IncFrameCount                            0x00000a1d   Thumb Code    10  timer_ctrl.o(.text)
    GetFrameCount                            0x00000a27   Thumb Code     6  timer_ctrl.o(.text)
    MotorPwmOutput                           0x00000a41   Thumb Code   126  motor.o(.text)
    Motor_Init                               0x00000abf   Thumb Code    74  motor.o(.text)
    Motor_Start                              0x00000b09   Thumb Code    22  motor.o(.text)
    Motor_Stop                               0x00000b1f   Thumb Code    28  motor.o(.text)
    ADC_IRQHandler                           0x00000b61   Thumb Code    30  battery.o(.text)
    setupUART                                0x00000b89   Thumb Code    60  uartctrl.o(.text)
    GetUartChar                              0x00000bc5   Thumb Code    20  uartctrl.o(.text)
    UART_HANDLE                              0x00000bd9   Thumb Code    64  uartctrl.o(.text)
    UART_NVIC_INIT                           0x00000c19   Thumb Code    18  uartctrl.o(.text)
    UART0_IRQHandler                         0x00000c2b   Thumb Code     2  uartctrl.o(.text)
    CommandProcess                           0x00000c2d   Thumb Code   252  uartctrl.o(.text)
    set_data_flash_base                      0x00000d51   Thumb Code    90  flashctrl.o(.text)
    FlashInit                                0x00000dab   Thumb Code    52  flashctrl.o(.text)
    DATA_FLASH_Write                         0x00000ddf   Thumb Code    50  flashctrl.o(.text)
    FlashErase                               0x00000e11   Thumb Code    30  flashctrl.o(.text)
    DATA_FLASH_Read                          0x00000e2f   Thumb Code    50  flashctrl.o(.text)
    getRC_Status                             0x00000ed5   Thumb Code     6  rc.o(.text)
    RC_init                                  0x00000edb   Thumb Code     8  rc.o(.text)
    RC_Update                                0x00000ee3   Thumb Code     8  rc.o(.text)
    RC_CommandDetect                         0x00000eeb   Thumb Code   172  rc.o(.text)
    GetRollAnglePID                          0x00000fc5   Thumb Code    16  pid.o(.text)
    GetYawAnglePID                           0x00000fd9   Thumb Code    16  pid.o(.text)
    GetPitchAnglePID                         0x00000fed   Thumb Code    16  pid.o(.text)
    GetRollRatePID                           0x00001001   Thumb Code    16  pid.o(.text)
    GetYawRatePID                            0x00001015   Thumb Code    16  pid.o(.text)
    GetPitchRatePID                          0x00001029   Thumb Code    16  pid.o(.text)
    GetPIDfloat                              0x0000103d   Thumb Code    46  pid.o(.text)
    controllerSetRollPID                     0x0000106b   Thumb Code    26  pid.o(.text)
    controllerSetPitchPID                    0x00001085   Thumb Code    28  pid.o(.text)
    controllerSetYawPID                      0x000010a1   Thumb Code    28  pid.o(.text)
    controllerSetRollRatePID                 0x000010bd   Thumb Code    28  pid.o(.text)
    controllerSetPitchRatePID                0x000010d9   Thumb Code    28  pid.o(.text)
    controllerSetYawRatePID                  0x000010f5   Thumb Code    28  pid.o(.text)
    SetPID                                   0x00001111   Thumb Code   342  pid.o(.text)
    stabilityPDControl                       0x00001275   Thumb Code    62  control.o(.text)
    CtrlAttiAng                              0x000012b3   Thumb Code    54  control.o(.text)
    TurnForward                              0x000012e9   Thumb Code    16  control.o(.text)
    TurnBackward                             0x000012f9   Thumb Code    14  control.o(.text)
    MotorPower                               0x00001307   Thumb Code    56  control.o(.text)
    CtrlMotor                                0x0000133f   Thumb Code    70  control.o(.text)
    GetIntValue                              0x00001385   Thumb Code    34  control.o(.text)
    SetTargetAngle                           0x000013a7   Thumb Code    14  control.o(.text)
    SetHandstandMode                         0x000013b5   Thumb Code     8  control.o(.text)
    SetNormalMode                            0x000013bd   Thumb Code    10  control.o(.text)
    SetActionUsingTime                       0x000013c7   Thumb Code    24  control.o(.text)
    ActionHandle                             0x000013df   Thumb Code    62  control.o(.text)
    DoActionUsingTime                        0x0000141d   Thumb Code    44  control.o(.text)
    ActionHandle2                            0x00001449   Thumb Code    64  control.o(.text)
    DoActionUsingTime2                       0x00001489   Thumb Code    42  control.o(.text)
    ParamSetDefault                          0x000014c5   Thumb Code    78  configtable.o(.text)
    isFlashValid                             0x00001513   Thumb Code    34  configtable.o(.text)
    TableResetDefault                        0x00001535   Thumb Code    16  configtable.o(.text)
    TableReadFlash                           0x00001545   Thumb Code    16  configtable.o(.text)
    TableWriteFlash                          0x00001555   Thumb Code    16  configtable.o(.text)
    WriteVersionToFlash                      0x00001565   Thumb Code    16  configtable.o(.text)
    TableToParam                             0x00001575   Thumb Code    56  configtable.o(.text)
    ParamToTable                             0x000015ad   Thumb Code    56  configtable.o(.text)
    LoadParamsFromFlash                      0x000015e5   Thumb Code    58  configtable.o(.text)
    SaveParamsToFlash                        0x0000161f   Thumb Code    26  configtable.o(.text)
    I2CX_IRQHandler                          0x00001699   Thumb Code    90  nvt_i2c.o(.text)
    I2C0_IRQHandler                          0x000016f3   Thumb Code     4  nvt_i2c.o(.text)
    I2C_Callback_Rx_Continue                 0x000016f7   Thumb Code   156  nvt_i2c.o(.text)
    I2C_Callback_Tx_Continue                 0x00001793   Thumb Code    92  nvt_i2c.o(.text)
    WaitEndFlag0                             0x000017ef   Thumb Code    40  nvt_i2c.o(.text)
    NVT_WriteByteContinue_addr8              0x00001817   Thumb Code    72  nvt_i2c.o(.text)
    NVT_ReadByteContinue_addr8               0x0000185f   Thumb Code    80  nvt_i2c.o(.text)
    NVT_I2C_Init                             0x000018af   Thumb Code    60  nvt_i2c.o(.text)
    NVT_SetDeviceAddress                     0x000018eb   Thumb Code    10  nvt_i2c.o(.text)
    LPF2pSetCutoffFreq_1                     0x00001915   Thumb Code   178  filter.o(.text)
    LPF2pApply_1                             0x000019c7   Thumb Code   120  filter.o(.text)
    LPF2pSetCutoffFreq_2                     0x00001a3f   Thumb Code   178  filter.o(.text)
    LPF2pApply_2                             0x00001af1   Thumb Code   120  filter.o(.text)
    LPF2pSetCutoffFreq_3                     0x00001b69   Thumb Code   178  filter.o(.text)
    LPF2pApply_3                             0x00001c1b   Thumb Code   120  filter.o(.text)
    LPF2pSetCutoffFreq_4                     0x00001c93   Thumb Code   196  filter.o(.text)
    LPF2pApply_4                             0x00001d57   Thumb Code   120  filter.o(.text)
    LPF2pSetCutoffFreq_5                     0x00001dcf   Thumb Code   180  filter.o(.text)
    LPF2pApply_5                             0x00001e83   Thumb Code   122  filter.o(.text)
    LPF2pSetCutoffFreq_6                     0x00001efd   Thumb Code   180  filter.o(.text)
    LPF2pApply_6                             0x00001fb1   Thumb Code   122  filter.o(.text)
    NonlinearSO3AHRSinit                     0x0000203d   Thumb Code   514  imuso3.o(.text)
    invSqrt                                  0x0000223f   Thumb Code    58  imuso3.o(.text)
    NonlinearSO3AHRSupdate                   0x00002279   Thumb Code  1614  imuso3.o(.text)
    IMUSO3Thread                             0x000028c7   Thumb Code   772  imuso3.o(.text)
    IMU_Init                                 0x00002bed   Thumb Code    66  imu.o(.text)
    ReadIMUSensorHandle                      0x00002c2f   Thumb Code   176  imu.o(.text)
    IMU_Calibrate                            0x00002cdf   Thumb Code   212  imu.o(.text)
    MPU6050_pgm_read_byte                    0x00002dd9   Thumb Code     4  mpu6050.o(.text)
    MPU6050_getAuxVDDIOLevel                 0x00002ddd   Thumb Code    26  mpu6050.o(.text)
    MPU6050_setAuxVDDIOLevel                 0x00002df7   Thumb Code    18  mpu6050.o(.text)
    MPU6050_getRate                          0x00002e09   Thumb Code    22  mpu6050.o(.text)
    MPU6050_setRate                          0x00002e1f   Thumb Code    16  mpu6050.o(.text)
    MPU6050_getExternalFrameSync             0x00002e2f   Thumb Code    28  mpu6050.o(.text)
    MPU6050_setExternalFrameSync             0x00002e4b   Thumb Code    20  mpu6050.o(.text)
    MPU6050_getDLPFMode                      0x00002e5f   Thumb Code    28  mpu6050.o(.text)
    MPU6050_setDLPFMode                      0x00002e7b   Thumb Code    20  mpu6050.o(.text)
    MPU6050_getFullScaleGyroRange            0x00002e8f   Thumb Code    28  mpu6050.o(.text)
    MPU6050_setFullScaleGyroRange            0x00002eab   Thumb Code    20  mpu6050.o(.text)
    MPU6050_getFullScaleAccelRange           0x00002ebf   Thumb Code    28  mpu6050.o(.text)
    MPU6050_setFullScaleAccelRange           0x00002edb   Thumb Code    20  mpu6050.o(.text)
    MPU6050_setI2CBypassEnabled              0x00002eef   Thumb Code    18  mpu6050.o(.text)
    MPU6050_getIntI2CMasterStatus            0x00002f01   Thumb Code    32  mpu6050.o(.text)
    MPU6050_getIntDataReadyStatus            0x00002f21   Thumb Code    32  mpu6050.o(.text)
    MPU6050_getMotion6                       0x00002f41   Thumb Code   108  mpu6050.o(.text)
    MPU6050_getMotion9                       0x00002fad   Thumb Code    16  mpu6050.o(.text)
    MPU6050_getAcceleration                  0x00002fbd   Thumb Code    66  mpu6050.o(.text)
    MPU6050_getAccelerationX                 0x00002fff   Thumb Code    36  mpu6050.o(.text)
    MPU6050_getAccelerationY                 0x00003023   Thumb Code    36  mpu6050.o(.text)
    MPU6050_getAccelerationZ                 0x00003047   Thumb Code    36  mpu6050.o(.text)
    MPU6050_getTemperature                   0x0000306b   Thumb Code    36  mpu6050.o(.text)
    MPU6050_getRotation                      0x0000308f   Thumb Code    66  mpu6050.o(.text)
    MPU6050_getRotationX                     0x000030d1   Thumb Code    36  mpu6050.o(.text)
    MPU6050_getRotationY                     0x000030f5   Thumb Code    36  mpu6050.o(.text)
    MPU6050_getRotationZ                     0x00003119   Thumb Code    36  mpu6050.o(.text)
    MPU6050_getYNegMotionDetected            0x0000313d   Thumb Code    32  mpu6050.o(.text)
    MPU6050_resetTemperaturePath             0x0000315d   Thumb Code    18  mpu6050.o(.text)
    MPU6050_getFreefallDetectionCounterDecrement 0x0000316f   Thumb Code    28  mpu6050.o(.text)
    MPU6050_setFreefallDetectionCounterDecrement 0x0000318b   Thumb Code    20  mpu6050.o(.text)
    MPU6050_getMotionDetectionCounterDecrement 0x0000319f   Thumb Code    28  mpu6050.o(.text)
    MPU6050_setMotionDetectionCounterDecrement 0x000031bb   Thumb Code    30  mpu6050.o(.text)
    MPU6050_setI2CMasterModeEnabled          0x000031d9   Thumb Code    18  mpu6050.o(.text)
    MPU6050_resetSensors                     0x000031eb   Thumb Code    18  mpu6050.o(.text)
    MPU6050_reset                            0x000031fd   Thumb Code    18  mpu6050.o(.text)
    MPU6050_getSleepEnabled                  0x0000320f   Thumb Code    32  mpu6050.o(.text)
    MPU6050_setSleepEnabled                  0x0000322f   Thumb Code    18  mpu6050.o(.text)
    MPU6050_setTempSensorEnabled             0x00003241   Thumb Code    22  mpu6050.o(.text)
    MPU6050_getClockSource                   0x00003257   Thumb Code    28  mpu6050.o(.text)
    MPU6050_setClockSource                   0x00003273   Thumb Code    20  mpu6050.o(.text)
    MPU6050_getDeviceID                      0x00003287   Thumb Code    28  mpu6050.o(.text)
    MPU6050_setDeviceID                      0x000032a3   Thumb Code    20  mpu6050.o(.text)
    MPU6050_ADDR                             0x000032b7   Thumb Code     6  mpu6050.o(.text)
    MPU6050_testConnection                   0x000032bd   Thumb Code    18  mpu6050.o(.text)
    MPU6050_initialize                       0x000032cf   Thumb Code    78  mpu6050.o(.text)
    MPU6050_setMemoryBank                    0x0000331d   Thumb Code    36  mpu6050.o(.text)
    MPU6050_setMemoryStartAddress            0x00003341   Thumb Code    16  mpu6050.o(.text)
    MPU6050_readMemoryByte                   0x00003351   Thumb Code    26  mpu6050.o(.text)
    MPU6050_getOTPBankValid                  0x0000336b   Thumb Code    26  mpu6050.o(.text)
    MPU6050_getXGyroOffsetTC                 0x00003385   Thumb Code    26  mpu6050.o(.text)
    MPU6050_getYGyroOffsetTC                 0x0000339f   Thumb Code    26  mpu6050.o(.text)
    MPU6050_getZGyroOffsetTC                 0x000033b9   Thumb Code    26  mpu6050.o(.text)
    MPU6050_setSlaveAddress                  0x000033d3   Thumb Code    26  mpu6050.o(.text)
    MPU6050_resetI2CMaster                   0x000033ed   Thumb Code    18  mpu6050.o(.text)
    MPU6050_writeMemoryBlock                 0x000033ff   Thumb Code   194  mpu6050.o(.text)
    MPU6050_writeDMPConfigurationSet         0x000034c1   Thumb Code    96  mpu6050.o(.text)
    MPU6050_writeProgMemoryBlock             0x00003521   Thumb Code    16  mpu6050.o(.text)
    MPU6050_writeProgDMPConfigurationSet     0x00003531   Thumb Code     4  mpu6050.o(.text)
    MPU6050_setIntEnabled                    0x00003535   Thumb Code    16  mpu6050.o(.text)
    MPU6050_setDMPConfig1                    0x00003545   Thumb Code    16  mpu6050.o(.text)
    MPU6050_setDMPConfig2                    0x00003555   Thumb Code    16  mpu6050.o(.text)
    MPU6050_setOTPBankValid                  0x00003565   Thumb Code    18  mpu6050.o(.text)
    MPU6050_setXGyroOffsetTC                 0x00003577   Thumb Code    22  mpu6050.o(.text)
    MPU6050_setYGyroOffsetTC                 0x0000358d   Thumb Code    22  mpu6050.o(.text)
    MPU6050_setZGyroOffsetTC                 0x000035a3   Thumb Code    22  mpu6050.o(.text)
    MPU6050_resetFIFO                        0x000035b9   Thumb Code    28  mpu6050.o(.text)
    MPU6050_getFIFOCount                     0x000035d5   Thumb Code    34  mpu6050.o(.text)
    MPU6050_getFIFOBytes                     0x000035f7   Thumb Code    22  mpu6050.o(.text)
    MPU6050_setMotionDetectionThreshold      0x0000360d   Thumb Code    16  mpu6050.o(.text)
    MPU6050_setZeroMotionDetectionThreshold  0x0000361d   Thumb Code    16  mpu6050.o(.text)
    MPU6050_setMotionDetectionDuration       0x0000362d   Thumb Code    16  mpu6050.o(.text)
    MPU6050_setZeroMotionDetectionDuration   0x0000363d   Thumb Code    16  mpu6050.o(.text)
    MPU6050_setFIFOEnabled                   0x0000364d   Thumb Code    18  mpu6050.o(.text)
    MPU6050_setDMPEnabled                    0x0000365f   Thumb Code    18  mpu6050.o(.text)
    MPU6050_resetDMP                         0x00003671   Thumb Code    18  mpu6050.o(.text)
    MPU6050_getIntStatus                     0x00003683   Thumb Code    22  mpu6050.o(.text)
    MPU6050_readMemoryBlock                  0x00003699   Thumb Code   114  mpu6050.o(.text)
    I2C_Init                                 0x00003715   Thumb Code     8  i2cdev.o(.text)
    I2C_readBytes                            0x0000371d   Thumb Code    38  i2cdev.o(.text)
    I2C_readByte                             0x00003743   Thumb Code    14  i2cdev.o(.text)
    I2C_readBits                             0x00003751   Thumb Code    52  i2cdev.o(.text)
    I2C_writeBytes                           0x00003785   Thumb Code    26  i2cdev.o(.text)
    I2C_writeByte                            0x0000379f   Thumb Code    12  i2cdev.o(.text)
    I2C_writeBit                             0x000037ab   Thumb Code    52  i2cdev.o(.text)
    I2C_writeBits                            0x000037df   Thumb Code    68  i2cdev.o(.text)
    I2C_readBit                              0x00003823   Thumb Code    30  i2cdev.o(.text)
    Comm_ClrRecDataBuf                       0x00003841   Thumb Code    18  comm.o(.text)
    Comm_SetToReceive                        0x00003853   Thumb Code    30  comm.o(.text)
    Comm_Init                                0x00003871   Thumb Code    64  comm.o(.text)
    Comm_SendPacket                          0x000038b1   Thumb Code    96  comm.o(.text)
    Comm_CheckDataReceived                   0x00003911   Thumb Code    74  comm.o(.text)
    Comm_TimerProcess                        0x0000395b   Thumb Code    90  comm.o(.text)
    Comm_Process                             0x000039b5   Thumb Code   760  comm.o(.text)
    SPI_init                                 0x00003cb1   Thumb Code    48  rf.o(.text)
    SPI_CLK_Delay                            0x00003ce1   Thumb Code    14  rf.o(.text)
    SPI_WW                                   0x00003cef   Thumb Code    50  rf.o(.text)
    SPI_WR                                   0x00003d21   Thumb Code    60  rf.o(.text)
    ucSPI_Read                               0x00003d5d   Thumb Code    50  rf.o(.text)
    RF_WriteReg                              0x00003d8f   Thumb Code    30  rf.o(.text)
    ucRF_ReadReg                             0x00003dad   Thumb Code    36  rf.o(.text)
    RF_WriteRegWitchBytes                    0x00003dd1   Thumb Code    44  rf.o(.text)
    RF_ReadRegWitchBytes                     0x00003dfd   Thumb Code    50  rf.o(.text)
    RF_WriteFIFO                             0x00003e2f   Thumb Code    46  rf.o(.text)
    RF_ReadFIFO                              0x00003e5d   Thumb Code    56  rf.o(.text)
    RF_ClearFIFO                             0x00003e95   Thumb Code    30  rf.o(.text)
    ucRF_GetStatus                           0x00003eb3   Thumb Code    14  rf.o(.text)
    ucRF_GetRSSI                             0x00003ec1   Thumb Code     4  rf.o(.text)
    RF_ClearStatus                           0x00003ec5   Thumb Code     6  rf.o(.text)
    RF_SetChannel                            0x00003ecb   Thumb Code     6  rf.o(.text)
    RF_SetRxP0Addr                           0x00003ed1   Thumb Code    42  rf.o(.text)
    RF_SetRxP1Addr                           0x00003efb   Thumb Code    42  rf.o(.text)
    RF_SetRxP2_5Addr                         0x00003f25   Thumb Code    52  rf.o(.text)
    RF_SetTxAddr                             0x00003f59   Thumb Code    42  rf.o(.text)
    RF_TxMode                                0x00003f83   Thumb Code    20  rf.o(.text)
    RF_RxMode                                0x00003f97   Thumb Code    28  rf.o(.text)
    RF_TxData                                0x00003fb3   Thumb Code    60  rf.o(.text)
    ucRF_DumpRxData                          0x00003fef   Thumb Code    54  rf.o(.text)
    RF_Init                                  0x00004025   Thumb Code   194  rf.o(.text)
    RF_Carrier                               0x000040e7   Thumb Code   112  rf.o(.text)
    report_angle_pid                         0x0000415d   Thumb Code   186  report.o(.text)
    report_rate_pid                          0x00004221   Thumb Code   186  report.o(.text)
    report_moter_power                       0x000042e5   Thumb Code    36  report.o(.text)
    report_euler                             0x00004329   Thumb Code    40  report.o(.text)
    report_sensor_raw                        0x00004361   Thumb Code    70  report.o(.text)
    ReportMessage                            0x000043c1   Thumb Code    56  report.o(.text)
    CheckVersion                             0x000043fd   Thumb Code    20  report.o(.text)
    InitSleepIO                              0x00004429   Thumb Code    32  sleepctrl.o(.text)
    PrepareForWakeUp                         0x00004449   Thumb Code     8  sleepctrl.o(.text)
    PrepareForSleep                          0x00004451   Thumb Code     8  sleepctrl.o(.text)
    IntoSleep                                0x00004459   Thumb Code    28  sleepctrl.o(.text)
    CLK_Delay                                0x00004475   Thumb Code    12  sleepctrl.o(.text)
    GPIO234_IRQHandler                       0x00004481   Thumb Code   104  sleepctrl.o(.text)
    Audio_Init                               0x00004551   Thumb Code    40  audio.o(.text)
    AudioPlay                                0x00004579   Thumb Code    62  audio.o(.text)
    Jump_Init                                0x000045d5   Thumb Code    64  jump.o(.text)
    Jump_Motor_Set                           0x00004615   Thumb Code    30  jump.o(.text)
    ucJump_GetKey                            0x00004633   Thumb Code    14  jump.o(.text)
    Jump                                     0x00004641   Thumb Code   104  jump.o(.text)
    Jump_UpdateKeyStatus                     0x000046a9   Thumb Code    80  jump.o(.text)
    Jump_TimerProcess                        0x000046f9   Thumb Code   110  jump.o(.text)
    Jump_Sever                               0x00004767   Thumb Code   232  jump.o(.text)
    ucJump_GetStatus                         0x0000484f   Thumb Code    12  jump.o(.text)
    __aeabi_uidiv                            0x00004879   Thumb Code     0  uidiv.o(.text)
    __aeabi_uidivmod                         0x00004879   Thumb Code    44  uidiv.o(.text)
    __aeabi_memcpy                           0x000048a5   Thumb Code    36  memcpya.o(.text)
    __aeabi_memcpy4                          0x000048a5   Thumb Code     0  memcpya.o(.text)
    __aeabi_memcpy8                          0x000048a5   Thumb Code     0  memcpya.o(.text)
    __aeabi_uread4                           0x000048c9   Thumb Code    20  uread4.o(.text)
    __rt_uread4                              0x000048c9   Thumb Code     0  uread4.o(.text)
    _uread4                                  0x000048c9   Thumb Code     0  uread4.o(.text)
    atoi                                     0x000048dd   Thumb Code    26  atoi.o(.text)
    __aeabi_fadd                             0x000048f7   Thumb Code   162  fadd.o(.text)
    __aeabi_fsub                             0x00004999   Thumb Code     8  fadd.o(.text)
    __aeabi_frsub                            0x000049a1   Thumb Code     8  fadd.o(.text)
    __aeabi_fmul                             0x000049a9   Thumb Code   122  fmul.o(.text)
    __aeabi_fdiv                             0x00004a23   Thumb Code   124  fdiv.o(.text)
    __ARM_scalbnf                            0x00004a9f   Thumb Code    24  fscalb.o(.text)
    scalbnf                                  0x00004a9f   Thumb Code     0  fscalb.o(.text)
    __aeabi_dadd                             0x00004ab9   Thumb Code   328  dadd.o(.text)
    __aeabi_dsub                             0x00004c01   Thumb Code    12  dadd.o(.text)
    __aeabi_drsub                            0x00004c0d   Thumb Code    12  dadd.o(.text)
    __aeabi_dmul                             0x00004c1d   Thumb Code   202  dmul.o(.text)
    __aeabi_ddiv                             0x00004ced   Thumb Code   234  ddiv.o(.text)
    __ARM_scalbn                             0x00004ddd   Thumb Code    44  dscalb.o(.text)
    scalbn                                   0x00004ddd   Thumb Code     0  dscalb.o(.text)
    __aeabi_i2f                              0x00004e09   Thumb Code    22  fflti.o(.text)
    __aeabi_ui2f                             0x00004e1f   Thumb Code    14  ffltui.o(.text)
    __aeabi_f2iz                             0x00004e2d   Thumb Code    50  ffixi.o(.text)
    __aeabi_f2d                              0x00004e5f   Thumb Code    40  f2d.o(.text)
    __aeabi_d2f                              0x00004e87   Thumb Code    56  d2f.o(.text)
    __aeabi_uldivmod                         0x00004ebf   Thumb Code    96  uldiv.o(.text)
    __aeabi_llsl                             0x00004f1f   Thumb Code    32  llshl.o(.text)
    _ll_shift_l                              0x00004f1f   Thumb Code     0  llshl.o(.text)
    __aeabi_lasr                             0x00004f3f   Thumb Code    38  llsshr.o(.text)
    _ll_sshift_r                             0x00004f3f   Thumb Code     0  llsshr.o(.text)
    __strtod_int                             0x00004f9b   Thumb Code    92  strtod.o(.text)
    strtol                                   0x00005009   Thumb Code   108  strtol.o(.text)
    __I$use$fp                               0x00005079   Thumb Code     0  iusefp.o(.text)
    _float_round                             0x00005079   Thumb Code    16  fepilogue.o(.text)
    _float_epilogue                          0x00005089   Thumb Code   114  fepilogue.o(.text)
    _frnd                                    0x000050fb   Thumb Code    62  frnd.o(.text)
    _double_round                            0x00005139   Thumb Code    26  depilogue.o(.text)
    _double_epilogue                         0x00005153   Thumb Code   164  depilogue.o(.text)
    _dsqrt                                   0x000051f7   Thumb Code   162  dsqrt.o(.text)
    __aeabi_d2ulz                            0x00005299   Thumb Code    54  dfixul.o(.text)
    __aeabi_cdrcmple                         0x000052d9   Thumb Code    38  cdrcmple.o(.text)
    __scatterload                            0x00005301   Thumb Code    28  init.o(.text)
    __scatterload_rt2                        0x00005301   Thumb Code     0  init.o(.text)
    __aeabi_llsr                             0x00005325   Thumb Code    34  llushr.o(.text)
    _ll_ushift_r                             0x00005325   Thumb Code     0  llushr.o(.text)
    __rt_ctype_table                         0x00005349   Thumb Code     4  ctype_o.o(.text)
    isspace                                  0x00005351   Thumb Code    18  isspace_o.o(.text)
    _scanf_real                              0x0000545b   Thumb Code     0  scanf_fp.o(.text)
    _scanf_really_real                       0x0000545b   Thumb Code   586  scanf_fp.o(.text)
    _sgetc                                   0x000056b1   Thumb Code    32  _sgetc.o(.text)
    _sbackspace                              0x000056d1   Thumb Code    36  _sgetc.o(.text)
    _strtoul                                 0x000056f5   Thumb Code   166  _strtoul.o(.text)
    __aeabi_lmul                             0x0000579b   Thumb Code   122  llmul.o(.text)
    _ll_mul                                  0x0000579b   Thumb Code     0  llmul.o(.text)
    _chval                                   0x00005815   Thumb Code    30  _chval.o(.text)
    __aeabi_ul2d                             0x00005835   Thumb Code    22  dfltul.o(.text)
    __0printf                                0x00005851   Thumb Code    24  printfa.o(i.__0printf)
    __1printf                                0x00005851   Thumb Code     0  printfa.o(i.__0printf)
    __2printf                                0x00005851   Thumb Code     0  printfa.o(i.__0printf)
    __c89printf                              0x00005851   Thumb Code     0  printfa.o(i.__0printf)
    printf                                   0x00005851   Thumb Code     0  printfa.o(i.__0printf)
    __ARM_clz                                0x00005871   Thumb Code    46  depilogue.o(i.__ARM_clz)
    __ARM_common_ll_muluu                    0x0000589f   Thumb Code    50  rredf.o(i.__ARM_common_ll_muluu)
    __ARM_common_switch8                     0x000058d1   Thumb Code    26  comm.o(i.__ARM_common_switch8)
    __ARM_fpclassify                         0x000058ed   Thumb Code    40  fpclassify.o(i.__ARM_fpclassify)
    __ARM_fpclassifyf                        0x00005919   Thumb Code    34  fpclassifyf.o(i.__ARM_fpclassifyf)
    __ARM_isinff                             0x0000593b   Thumb Code    18  filter.o(i.__ARM_isinff)
    __ARM_isnanf                             0x0000594d   Thumb Code    14  filter.o(i.__ARM_isnanf)
    __aeabi_errno_addr                       0x0000595d   Thumb Code     4  errno.o(i.__aeabi_errno_addr)
    __rt_errno_addr                          0x0000595d   Thumb Code     0  errno.o(i.__aeabi_errno_addr)
    __kernel_poly                            0x00005965   Thumb Code   172  poly.o(i.__kernel_poly)
    __mathlib_dbl_underflow                  0x00005a11   Thumb Code    14  dunder.o(i.__mathlib_dbl_underflow)
    __mathlib_flt_underflow                  0x00005a25   Thumb Code    14  funder.o(i.__mathlib_flt_underflow)
    __mathlib_rredf2                         0x00005a35   Thumb Code   346  rredf.o(i.__mathlib_rredf2)
    __read_errno                             0x00005ba1   Thumb Code     6  errno.o(i.__read_errno)
    __scatterload_copy                       0x00005bad   Thumb Code    14  handlers.o(i.__scatterload_copy)
    __scatterload_null                       0x00005bbb   Thumb Code     2  handlers.o(i.__scatterload_null)
    __scatterload_zeroinit                   0x00005bbd   Thumb Code    14  handlers.o(i.__scatterload_zeroinit)
    __set_errno                              0x00005bcd   Thumb Code     6  errno.o(i.__set_errno)
    _is_digit                                0x00005d31   Thumb Code    14  scanf_fp.o(i._is_digit)
    asin                                     0x00006479   Thumb Code   584  asin.o(i.asin)
    atan                                     0x000066f5   Thumb Code   474  atan.o(i.atan)
    atan2                                    0x00006915   Thumb Code   334  atan2.o(i.atan2)
    atan2f                                   0x00006a8d   Thumb Code   520  atan2f.o(i.atan2f)
    atof                                     0x00006ce1   Thumb Code    42  atof.o(i.atof)
    cosf                                     0x00006d0d   Thumb Code   324  cosf.o(i.cosf)
    sinf                                     0x00006e89   Thumb Code   336  sinf.o(i.sinf)
    sqrt                                     0x00007011   Thumb Code    66  sqrt.o(i.sqrt)
    tanf                                     0x00007059   Thumb Code   312  tanf.o(i.tanf)
    Dem_cal_data                             0x000071ec   Data           1  rf.o(.constdata)
    Carrier_Dem_cal_data                     0x000071ed   Data           1  rf.o(.constdata)
    RF_cal_data                              0x000071ee   Data           3  rf.o(.constdata)
    Dem_cal2_data                            0x000071f1   Data           3  rf.o(.constdata)
    Carrier_RF_cal_data                      0x000071f4   Data           3  rf.o(.constdata)
    Carrier_Dem_cal2_data                    0x000071f7   Data           3  rf.o(.constdata)
    BB_cal_data                              0x000071fa   Data           5  rf.o(.constdata)
    Carrier_BB_cal_data                      0x000071ff   Data           5  rf.o(.constdata)
    RF_cal2_data                             0x00007204   Data           6  rf.o(.constdata)
    Carrier_RF_cal2_data                     0x0000720a   Data           6  rf.o(.constdata)
    __mathlib_zero                           0x000072f8   Data           8  qnan.o(.constdata)
    __ctype_table                            0x00007320   Data         129  ctype_o.o(.constdata)
    Region$$Table$$Base                      0x00007430   Number         0  anon$$obj.o(Region$$Table)
    Region$$Table$$Limit                     0x00007450   Number         0  anon$$obj.o(Region$$Table)
    __HSI                                    0x20000000   Data           4  system_mini58series.o(.data)
    PllClock                                 0x20000004   Data           4  system_mini58series.o(.data)
    SystemCoreClock                          0x20000008   Data           4  system_mini58series.o(.data)
    CyclesPerUs                              0x2000000c   Data           4  system_mini58series.o(.data)
    __stdout                                 0x20000010   Data           4  retarget.o(.data)
    ledStatus                                0x2000001c   Data           1  led.o(.data)
    tick_counter                             0x20000020   Data           4  timer_ctrl.o(.data)
    frame_counter                            0x20000024   Data           4  timer_ctrl.o(.data)
    motor1PWM                                0x20000028   Data           2  motor.o(.data)
    motor2PWM                                0x2000002a   Data           2  motor.o(.data)
    motor3PWM                                0x2000002c   Data           2  motor.o(.data)
    motor4PWM                                0x2000002e   Data           2  motor.o(.data)
    u32BatteryAD                             0x20000030   Data           4  battery.o(.data)
    getUartData                              0x20000034   Data           1  uartctrl.o(.data)
    g_UartDataTotalLength                    0x20000035   Data           1  uartctrl.o(.data)
    g_UartDataIndex                          0x20000036   Data           1  uartctrl.o(.data)
    data_flash_Start_address                 0x20000038   Data           4  flashctrl.o(.data)
    command_reset                            0x2000003c   Data           1  rc.o(.data)
    RC_DATA                                  0x2000003d   Data           4  rc.o(.data)
    DeadZone                                 0x20000044   Data           1  control.o(.data)
    TurnRound                                0x20000045   Data           1  control.o(.data)
    CarMode                                  0x20000046   Data           1  control.o(.data)
    DEFAULT_ANGLE                            0x20000048   Data           2  control.o(.data)
    TargetAngle                              0x2000004a   Data           2  control.o(.data)
    Pitch                                    0x2000004c   Data           4  control.o(.data)
    fStabilityPError                         0x20000050   Data           4  control.o(.data)
    fStabilityDError                         0x20000054   Data           4  control.o(.data)
    currentAction                            0x20000058   Data           8  control.o(.data)
    EndFlag0                                 0x20000060   Data           1  nvt_i2c.o(.data)
    ErrorFlag                                0x20000061   Data           1  nvt_i2c.o(.data)
    Device_W_Addr                            0x20000062   Data           1  nvt_i2c.o(.data)
    Device_R_Addr                            0x20000063   Data           1  nvt_i2c.o(.data)
    ReadFlag                                 0x20000064   Data           1  nvt_i2c.o(.data)
    DataLen0                                 0x20000065   Data           1  nvt_i2c.o(.data)
    RxLen0                                   0x20000066   Data           1  nvt_i2c.o(.data)
    ContinueLen                              0x20000067   Data           1  nvt_i2c.o(.data)
    Comm_Flag                                0x20000188   Data           1  comm.o(.data)
    Comm_CurrentStatus                       0x20000189   Data           1  comm.o(.data)
    Comm_CurrentChannel                      0x2000018a   Data           1  comm.o(.data)
    Comm_Timeout                             0x2000018c   Data           2  comm.o(.data)
    Comm_CurrentAddr                         0x20000190   Data           4  comm.o(.data)
    Comm_HostAddr                            0x20000194   Data           4  comm.o(.data)
    Comm_DevAddr                             0x20000198   Data           4  comm.o(.data)
    Comm_TimerTick                           0x2000019c   Data           4  comm.o(.data)
    Comm_Data                                0x200001a0   Data           5  comm.o(.data)
    report_mode                              0x200001a5   Data           1  report.o(.data)
    PressIsOn                                0x200001a8   Data           1  sleepctrl.o(.data)
    PermitTonggleOperation                   0x200001a9   Data           1  sleepctrl.o(.data)
    LastPressTime                            0x200001ac   Data           4  sleepctrl.o(.data)
    OPERTION_MODE                            0x200001b0   Data           1  sleepctrl.o(.data)
    Jump_Flag                                0x200001b4   Data           1  jump.o(.data)
    Jump_KeyDelay                            0x200001b5   Data           1  jump.o(.data)
    Jump_Timeout                             0x200001b6   Data           2  jump.o(.data)
    Jump_TimerTick                           0x200001b8   Data           4  jump.o(.data)
    g_u8RecData                              0x200001c0   Data          15  uartctrl.o(.bss)
    pitch_angle_PID                          0x200001d0   Data          48  pid.o(.bss)
    pitch_rate_PID                           0x20000200   Data          48  pid.o(.bss)
    speed_angle_PID                          0x20000230   Data          48  pid.o(.bss)
    roll_rate_PID                            0x20000260   Data          48  pid.o(.bss)
    yaw_angle_PID                            0x20000290   Data          48  pid.o(.bss)
    yaw_rate_PID                             0x200002c0   Data          48  pid.o(.bss)
    table                                    0x200002f0   Data         100  configtable.o(.bss)
    Tx_Data0                                 0x20000354   Data         200  nvt_i2c.o(.bss)
    Rx_Data0                                 0x2000041c   Data         200  nvt_i2c.o(.bss)
    euler                                    0x200004f0   Data          12  imuso3.o(.bss)
    imu                                      0x20000508   Data         192  imu.o(.bss)
    verifyBuffer                             0x200005ee   Data          16  mpu6050.o(.bss)
    Comm_SendDataBuf                         0x200005fe   Data          16  comm.o(.bss)
    Comm_RecDataBuf                          0x2000060e   Data          16  comm.o(.bss)
    PID                                      0x20000620   Data          36  report.o(.bss)
    __initial_sp                             0x20000848   Data           0  startup_mini58series.o(STACK)



==============================================================================

Memory Map of the image

  Image Entry point : 0x00000199

  Load Region LR_1 (Base: 0x00000000, Size: 0x00007610, Max: 0xffffffff, ABSOLUTE)

    Execution Region ER_RO (Base: 0x00000000, Size: 0x00007450, Max: 0xffffffff, ABSOLUTE)

    Base Addr    Size         Type   Attr      Idx    E Section Name        Object

    0x00000000   0x000000c0   Data   RO           97    RESET               startup_mini58series.o
    0x000000c0   0x00000000   Code   RO         2119  * .ARM.Collect$$$$00000000  mc_p.l(entry.o)
    0x000000c0   0x00000004   Code   RO         2451    .ARM.Collect$$$$00000001  mc_p.l(entry2.o)
    0x000000c4   0x00000004   Code   RO         2454    .ARM.Collect$$$$00000004  mc_p.l(entry5.o)
    0x000000c8   0x00000000   Code   RO         2456    .ARM.Collect$$$$00000008  mc_p.l(entry7b.o)
    0x000000c8   0x00000000   Code   RO         2458    .ARM.Collect$$$$0000000A  mc_p.l(entry8b.o)
    0x000000c8   0x00000008   Code   RO         2459    .ARM.Collect$$$$0000000B  mc_p.l(entry9a.o)
    0x000000d0   0x00000000   Code   RO         2461    .ARM.Collect$$$$0000000D  mc_p.l(entry10a.o)
    0x000000d0   0x00000000   Code   RO         2463    .ARM.Collect$$$$0000000F  mc_p.l(entry11a.o)
    0x000000d0   0x00000004   Code   RO         2452    .ARM.Collect$$$$00002712  mc_p.l(entry2.o)
    0x000000d4   0x0000001c   Code   RO          300    .emb_text           retarget.o
    0x000000f0   0x000000a8   Code   RO            4    .text               system_mini58series.o
    0x00000198   0x00000014   Code   RO           98  * .text               startup_mini58series.o
    0x000001ac   0x0000001c   Code   RO          111    .text               sys.o
    0x000001c8   0x000000d0   Code   RO          185    .text               uart.o
    0x00000298   0x000000f8   Code   RO          301    .text               retarget.o
    0x00000390   0x0000001c   Code   RO          443    .text               clk.o
    0x000003ac   0x000000cc   Code   RO          449    .text               clk.o
    0x00000478   0x000000d8   Code   RO          557    .text               fmc.o
    0x00000550   0x00000028   Code   RO          626    .text               gpio.o
    0x00000578   0x0000001a   Code   RO          627    .text               gpio.o
    0x00000592   0x00000002   PAD
    0x00000594   0x00000070   Code   RO          658    .text               i2c.o
    0x00000604   0x0000014c   Code   RO          756    .text               pwm.o
    0x00000750   0x0000021c   Code   RO         1103    .text               main.o
    0x0000096c   0x00000058   Code   RO         1209    .text               led.o
    0x000009c4   0x0000007c   Code   RO         1237    .text               timer_ctrl.o
    0x00000a40   0x00000120   Code   RO         1264    .text               motor.o
    0x00000b60   0x00000028   Code   RO         1295    .text               battery.o
    0x00000b88   0x000001c8   Code   RO         1344    .text               uartctrl.o
    0x00000d50   0x00000184   Code   RO         1379    .text               flashctrl.o
    0x00000ed4   0x000000f0   Code   RO         1402    .text               rc.o
    0x00000fc4   0x00000014   Code   RO         1452    .text               pid.o
    0x00000fd8   0x00000014   Code   RO         1453    .text               pid.o
    0x00000fec   0x00000014   Code   RO         1454    .text               pid.o
    0x00001000   0x00000014   Code   RO         1455    .text               pid.o
    0x00001014   0x00000014   Code   RO         1456    .text               pid.o
    0x00001028   0x00000014   Code   RO         1457    .text               pid.o
    0x0000103c   0x00000238   Code   RO         1459    .text               pid.o
    0x00001274   0x00000250   Code   RO         1529    .text               control.o
    0x000014c4   0x000001d4   Code   RO         1567    .text               configtable.o
    0x00001698   0x0000027c   Code   RO         1595    .text               nvt_i2c.o
    0x00001914   0x00000728   Code   RO         1624    .text               filter.o
    0x0000203c   0x00000bb0   Code   RO         1667    .text               imuso3.o
    0x00002bec   0x000001ec   Code   RO         1695    .text               imu.o
    0x00002dd8   0x0000093c   Code   RO         1723    .text               mpu6050.o
    0x00003714   0x0000010e   Code   RO         1752    .text               i2cdev.o
    0x00003822   0x0000001e   Code   RO         1753    .text               i2cdev.o
    0x00003840   0x00000470   Code   RO         1859    .text               comm.o
    0x00003cb0   0x000004ac   Code   RO         1889    .text               rf.o
    0x0000415c   0x000000c4   Code   RO         1920    .text               report.o
    0x00004220   0x000000c4   Code   RO         1921    .text               report.o
    0x000042e4   0x00000044   Code   RO         1922    .text               report.o
    0x00004328   0x00000038   Code   RO         1923    .text               report.o
    0x00004360   0x00000060   Code   RO         1924    .text               report.o
    0x000043c0   0x0000003c   Code   RO         1925    .text               report.o
    0x000043fc   0x0000002c   Code   RO         1926    .text               report.o
    0x00004428   0x00000128   Code   RO         1984    .text               sleepctrl.o
    0x00004550   0x00000084   Code   RO         2015    .text               audio.o
    0x000045d4   0x000002a4   Code   RO         2035    .text               jump.o
    0x00004878   0x0000002c   Code   RO         2120    .text               mc_p.l(uidiv.o)
    0x000048a4   0x00000024   Code   RO         2122    .text               mc_p.l(memcpya.o)
    0x000048c8   0x00000014   Code   RO         2387    .text               mc_p.l(uread4.o)
    0x000048dc   0x0000001a   Code   RO         2389    .text               mc_p.l(atoi.o)
    0x000048f6   0x000000b2   Code   RO         2391    .text               mf_p.l(fadd.o)
    0x000049a8   0x0000007a   Code   RO         2393    .text               mf_p.l(fmul.o)
    0x00004a22   0x0000007c   Code   RO         2395    .text               mf_p.l(fdiv.o)
    0x00004a9e   0x00000018   Code   RO         2397    .text               mf_p.l(fscalb.o)
    0x00004ab6   0x00000002   PAD
    0x00004ab8   0x00000164   Code   RO         2399    .text               mf_p.l(dadd.o)
    0x00004c1c   0x000000d0   Code   RO         2401    .text               mf_p.l(dmul.o)
    0x00004cec   0x000000f0   Code   RO         2403    .text               mf_p.l(ddiv.o)
    0x00004ddc   0x0000002c   Code   RO         2405    .text               mf_p.l(dscalb.o)
    0x00004e08   0x00000016   Code   RO         2407    .text               mf_p.l(fflti.o)
    0x00004e1e   0x0000000e   Code   RO         2409    .text               mf_p.l(ffltui.o)
    0x00004e2c   0x00000032   Code   RO         2415    .text               mf_p.l(ffixi.o)
    0x00004e5e   0x00000028   Code   RO         2419    .text               mf_p.l(f2d.o)
    0x00004e86   0x00000038   Code   RO         2421    .text               mf_p.l(d2f.o)
    0x00004ebe   0x00000060   Code   RO         2465    .text               mc_p.l(uldiv.o)
    0x00004f1e   0x00000020   Code   RO         2467    .text               mc_p.l(llshl.o)
    0x00004f3e   0x00000026   Code   RO         2469    .text               mc_p.l(llsshr.o)
    0x00004f64   0x000000a4   Code   RO         2478    .text               mc_p.l(strtod.o)
    0x00005008   0x00000070   Code   RO         2480    .text               mc_p.l(strtol.o)
    0x00005078   0x00000000   Code   RO         2482    .text               mc_p.l(iusefp.o)
    0x00005078   0x00000082   Code   RO         2483    .text               mf_p.l(fepilogue.o)
    0x000050fa   0x0000003e   Code   RO         2485    .text               mf_p.l(frnd.o)
    0x00005138   0x000000be   Code   RO         2487    .text               mf_p.l(depilogue.o)
    0x000051f6   0x000000a2   Code   RO         2491    .text               mf_p.l(dsqrt.o)
    0x00005298   0x00000040   Code   RO         2493    .text               mf_p.l(dfixul.o)
    0x000052d8   0x00000028   Code   RO         2497    .text               mf_p.l(cdrcmple.o)
    0x00005300   0x00000024   Code   RO         2499    .text               mc_p.l(init.o)
    0x00005324   0x00000022   Code   RO         2501    .text               mc_p.l(llushr.o)
    0x00005346   0x00000002   PAD
    0x00005348   0x00000008   Code   RO         2505    .text               mc_p.l(ctype_o.o)
    0x00005350   0x00000012   Code   RO         2527    .text               mc_p.l(isspace_o.o)
    0x00005362   0x00000002   PAD
    0x00005364   0x0000034c   Code   RO         2533    .text               mc_p.l(scanf_fp.o)
    0x000056b0   0x00000044   Code   RO         2537    .text               mc_p.l(_sgetc.o)
    0x000056f4   0x000000a6   Code   RO         2539    .text               mc_p.l(_strtoul.o)
    0x0000579a   0x0000007a   Code   RO         2541    .text               mc_p.l(llmul.o)
    0x00005814   0x0000001e   Code   RO         2546    .text               mc_p.l(_chval.o)
    0x00005832   0x00000002   PAD
    0x00005834   0x0000001c   Code   RO         2548    .text               mf_p.l(dfltul.o)
    0x00005850   0x00000020   Code   RO         2359    i.__0printf         mc_p.l(printfa.o)
    0x00005870   0x0000002e   Code   RO         2489    i.__ARM_clz         mf_p.l(depilogue.o)
    0x0000589e   0x00000032   Code   RO         2449    i.__ARM_common_ll_muluu  m_ps.l(rredf.o)
    0x000058d0   0x0000001a   Code   RO         1878    i.__ARM_common_switch8  comm.o
    0x000058ea   0x00000002   PAD
    0x000058ec   0x0000002c   Code   RO         2437    i.__ARM_fpclassify  m_ps.l(fpclassify.o)
    0x00005918   0x00000022   Code   RO         2439    i.__ARM_fpclassifyf  m_ps.l(fpclassifyf.o)
    0x0000593a   0x00000012   Code   RO         1635    i.__ARM_isinff      filter.o
    0x0000594c   0x0000000e   Code   RO         1640    i.__ARM_isnanf      filter.o
    0x0000595a   0x00000002   PAD
    0x0000595c   0x00000008   Code   RO         2471    i.__aeabi_errno_addr  mc_p.l(errno.o)
    0x00005964   0x000000ac   Code   RO         2443    i.__kernel_poly     m_ps.l(poly.o)
    0x00005a10   0x00000014   Code   RO         2435    i.__mathlib_dbl_underflow  m_ps.l(dunder.o)
    0x00005a24   0x0000000e   Code   RO         2441    i.__mathlib_flt_underflow  m_ps.l(funder.o)
    0x00005a32   0x00000002   PAD
    0x00005a34   0x0000016c   Code   RO         2446    i.__mathlib_rredf2  m_ps.l(rredf.o)
    0x00005ba0   0x0000000c   Code   RO         2472    i.__read_errno      mc_p.l(errno.o)
    0x00005bac   0x0000000e   Code   RO         2552    i.__scatterload_copy  mc_p.l(handlers.o)
    0x00005bba   0x00000002   Code   RO         2553    i.__scatterload_null  mc_p.l(handlers.o)
    0x00005bbc   0x0000000e   Code   RO         2554    i.__scatterload_zeroinit  mc_p.l(handlers.o)
    0x00005bca   0x00000002   PAD
    0x00005bcc   0x0000000c   Code   RO         2473    i.__set_errno       mc_p.l(errno.o)
    0x00005bd8   0x00000158   Code   RO         2366    i._fp_digits        mc_p.l(printfa.o)
    0x00005d30   0x0000000e   Code   RO         2535    i._is_digit         mc_p.l(scanf_fp.o)
    0x00005d3e   0x00000002   PAD
    0x00005d40   0x000006ec   Code   RO         2367    i._printf_core      mc_p.l(printfa.o)
    0x0000642c   0x00000020   Code   RO         2368    i._printf_post_padding  mc_p.l(printfa.o)
    0x0000644c   0x0000002c   Code   RO         2369    i._printf_pre_padding  mc_p.l(printfa.o)
    0x00006478   0x0000027c   Code   RO         2058    i.asin              m_ps.l(asin.o)
    0x000066f4   0x00000220   Code   RO         2426    i.atan              m_ps.l(atan.o)
    0x00006914   0x00000178   Code   RO         2068    i.atan2             m_ps.l(atan2.o)
    0x00006a8c   0x00000254   Code   RO         2076    i.atan2f            m_ps.l(atan2f.o)
    0x00006ce0   0x0000002a   Code   RO         2084    i.atof              m_ps.l(atof.o)
    0x00006d0a   0x00000002   PAD
    0x00006d0c   0x0000017c   Code   RO         2088    i.cosf              m_ps.l(cosf.o)
    0x00006e88   0x00000188   Code   RO         2096    i.sinf              m_ps.l(sinf.o)
    0x00007010   0x00000048   Code   RO         2104    i.sqrt              m_ps.l(sqrt.o)
    0x00007058   0x00000170   Code   RO         2112    i.tanf              m_ps.l(tanf.o)
    0x000071c8   0x00000024   Data   RO         1669    .constdata          imuso3.o
    0x000071ec   0x00000024   Data   RO         1891    .constdata          rf.o
    0x00007210   0x00000050   Data   RO         2059    .constdata          m_ps.l(asin.o)
    0x00007260   0x00000098   Data   RO         2427    .constdata          m_ps.l(atan.o)
    0x000072f8   0x00000008   Data   RO         2445    .constdata          m_ps.l(qnan.o)
    0x00007300   0x00000020   Data   RO         2447    .constdata          m_ps.l(rredf.o)
    0x00007320   0x00000081   Data   RO         2506    .constdata          mc_p.l(ctype_o.o)
    0x000073a1   0x00000003   PAD
    0x000073a4   0x00000004   Data   RO         2507    .constdata          mc_p.l(ctype_o.o)
    0x000073a8   0x00000087   Data   RO         1928    .conststring        report.o
    0x0000742f   0x00000001   PAD
    0x00007430   0x00000020   Data   RO         2550    Region$$Table       anon$$obj.o


    Execution Region ER_RW (Base: 0x20000000, Size: 0x000001c0, Max: 0xffffffff, ABSOLUTE)

    Base Addr    Size         Type   Attr      Idx    E Section Name        Object

    0x20000000   0x00000004   Data   RW            5    .data               system_mini58series.o
    0x20000004   0x0000000c   Data   RW            6    .data               system_mini58series.o
    0x20000010   0x00000004   Data   RW          309    .data               retarget.o
    0x20000014   0x00000008   Data   RW         1104    .data               main.o
    0x2000001c   0x00000001   Data   RW         1210    .data               led.o
    0x2000001d   0x00000003   PAD
    0x20000020   0x00000008   Data   RW         1238    .data               timer_ctrl.o
    0x20000028   0x00000008   Data   RW         1265    .data               motor.o
    0x20000030   0x00000004   Data   RW         1299    .data               battery.o
    0x20000034   0x00000003   Data   RW         1346    .data               uartctrl.o
    0x20000037   0x00000001   PAD
    0x20000038   0x00000004   Data   RW         1380    .data               flashctrl.o
    0x2000003c   0x00000005   Data   RW         1403    .data               rc.o
    0x20000041   0x00000003   PAD
    0x20000044   0x0000001c   Data   RW         1531    .data               control.o
    0x20000060   0x0000000c   Data   RW         1597    .data               nvt_i2c.o
    0x2000006c   0x000000c0   Data   RW         1625    .data               filter.o
    0x2000012c   0x00000054   Data   RW         1670    .data               imuso3.o
    0x20000180   0x00000006   Data   RW         1698    .data               imu.o
    0x20000186   0x00000001   Data   RW         1726    .data               mpu6050.o
    0x20000187   0x00000001   PAD
    0x20000188   0x0000001d   Data   RW         1861    .data               comm.o
    0x200001a5   0x00000001   Data   RW         1929    .data               report.o
    0x200001a6   0x00000002   PAD
    0x200001a8   0x00000008   Data   RW         1985    .data               sleepctrl.o
    0x200001b0   0x00000001   Data   RW         1986    .data               sleepctrl.o
    0x200001b1   0x00000003   PAD
    0x200001b4   0x00000008   Data   RW         2036    .data               jump.o
    0x200001bc   0x00000004   Data   RW         2474    .data               mc_p.l(errno.o)


    Execution Region ER_ZI (Base: 0x200001c0, Size: 0x00000688, Max: 0xffffffff, ABSOLUTE)

    Base Addr    Size         Type   Attr      Idx    E Section Name        Object

    0x200001c0   0x0000000f   Zero   RW         1345    .bss                uartctrl.o
    0x200001cf   0x00000001   PAD
    0x200001d0   0x00000120   Zero   RW         1461    .bss                pid.o
    0x200002f0   0x00000064   Zero   RW         1568    .bss                configtable.o
    0x20000354   0x00000190   Zero   RW         1596    .bss                nvt_i2c.o
    0x200004e4   0x00000024   Zero   RW         1668    .bss                imuso3.o
    0x20000508   0x000000d8   Zero   RW         1696    .bss                imu.o
    0x200005e0   0x0000001e   Zero   RW         1724    .bss                mpu6050.o
    0x200005fe   0x00000020   Zero   RW         1860    .bss                comm.o
    0x2000061e   0x00000002   PAD
    0x20000620   0x00000024   Zero   RW         1927    .bss                report.o
    0x20000644   0x00000004   PAD
    0x20000648   0x00000200   Zero   RW           95    STACK               startup_mini58series.o


==============================================================================

Image component sizes


      Code (inc. data)   RO Data    RW Data    ZI Data      Debug   Object Name

       132         30          0          0          0        567   audio.o
        40         10          0          4          0       6272   battery.o
       232         16          0          0          0       2351   clk.o
      1162         28          0         29         32       3251   comm.o
       468         96          0          0        100       3327   configtable.o
       592         18          0         28          0       4967   control.o
      1864         34          0        192          0       5912   filter.o
       388         92          0          4          0       2199   flashctrl.o
       216         10          0          0          0       2109   fmc.o
        66          0          0          0          0       1340   gpio.o
       112          6          0          0          0       1407   i2c.o
       300          0          0          0          0       3639   i2cdev.o
       492         38          0          6        216       2191   imu.o
      2992         68         36         84         36       3763   imuso3.o
       676         30          0          8          0       2589   jump.o
        88         14          0          1          0       1090   led.o
       540         54          0          8          0       9593   main.o
       288         38          0          8          0       1269   motor.o
      2364         30          0          1         30      15704   mpu6050.o
       636         32          0         12        400       9084   nvt_i2c.o
       688         38          0          0        288       6678   pid.o
       332         12          0          0          0       1956   pwm.o
       240         46          0          5          0       1602   rc.o
       716        122        135          1         36       3626   report.o
       276        128          0          4          0       3438   retarget.o
      1196         18         36          0          0       8433   rf.o
       296        104          0          9          0       1999   sleepctrl.o
        20          4        192          0        512        684   startup_mini58series.o
        28          0          0          0          0        446   sys.o
       168         30          0         16          0     134661   system_mini58series.o
       124         20          0          8          0       7547   timer_ctrl.o
       208         26          0          0          0     124764   uart.o
       456         40          0          3         15       2485   uartctrl.o

    ----------------------------------------------------------------------
     18402       1232        432        444       1672     380943   Object Totals
         0          0         32          0          0          0   (incl. Generated)
         6          0          1         13          7          0   (incl. Padding)

    ----------------------------------------------------------------------

      Code (inc. data)   RO Data    RW Data    ZI Data      Debug   Library Member Name

       636         52         80          0          0        104   asin.o
       544         70        152          0          0        112   atan.o
       376         42          0          0          0        144   atan2.o
       596         76          0          0          0        116   atan2f.o
        42          0          0          0          0         76   atof.o
       380         56          0          0          0        104   cosf.o
        20          6          0          0          0         68   dunder.o
        44          4          0          0          0         60   fpclassify.o
        34          0          0          0          0         60   fpclassifyf.o
        14          0          0          0          0         68   funder.o
       172          0          0          0          0         76   poly.o
         0          0          8          0          0          0   qnan.o
       414         18         32          0          0        168   rredf.o
       392         56          0          0          0        104   sinf.o
        72          6          0          0          0         76   sqrt.o
       368         56          0          0          0         92   tanf.o
        30          0          0          0          0         60   _chval.o
        68          0          0          0          0         76   _sgetc.o
       166          0          0          0          0         84   _strtoul.o
        26          0          0          0          0         72   atoi.o
         8          4        133          0          0         60   ctype_o.o
         0          0          0          0          0          0   entry.o
         0          0          0          0          0          0   entry10a.o
         0          0          0          0          0          0   entry11a.o
         8          4          0          0          0          0   entry2.o
         4          0          0          0          0          0   entry5.o
         0          0          0          0          0          0   entry7b.o
         0          0          0          0          0          0   entry8b.o
         8          4          0          0          0          0   entry9a.o
        32         16          0          4          0        180   errno.o
        30          0          0          0          0          0   handlers.o
        36          8          0          0          0         68   init.o
        18          0          0          0          0         68   isspace_o.o
         0          0          0          0          0          0   iusefp.o
       122          0          0          0          0         84   llmul.o
        32          0          0          0          0         68   llshl.o
        38          0          0          0          0         68   llsshr.o
        34          0          0          0          0         68   llushr.o
        36          0          0          0          0         60   memcpya.o
      2224         98          0          0          0        412   printfa.o
       858         12          0          0          0        184   scanf_fp.o
       164         18          0          0          0        120   strtod.o
       112          4          0          0          0         76   strtol.o
        44          0          0          0          0         72   uidiv.o
        96          0          0          0          0         84   uldiv.o
        20          0          0          0          0         60   uread4.o
        40          2          0          0          0         68   cdrcmple.o
        56          0          0          0          0         68   d2f.o
       356          4          0          0          0        140   dadd.o
       240          6          0          0          0         84   ddiv.o
       236          0          0          0          0        216   depilogue.o
        64         10          0          0          0         68   dfixul.o
        28          6          0          0          0         68   dfltul.o
       208          6          0          0          0         88   dmul.o
        44          0          0          0          0         72   dscalb.o
       162          0          0          0          0         80   dsqrt.o
        40          0          0          0          0         60   f2d.o
       178          0          0          0          0        108   fadd.o
       124          0          0          0          0         72   fdiv.o
       130          0          0          0          0        144   fepilogue.o
        50          0          0          0          0         60   ffixi.o
        22          0          0          0          0         68   fflti.o
        14          0          0          0          0         68   ffltui.o
       122          0          0          0          0         72   fmul.o
        62          0          0          0          0         68   frnd.o
        24          0          0          0          0         60   fscalb.o

    ----------------------------------------------------------------------
     10534        644        408          4          0       5184   Library Totals
        16          0          3          0          0          0   (incl. Padding)

    ----------------------------------------------------------------------

      Code (inc. data)   RO Data    RW Data    ZI Data      Debug   Library Name

      4104        442        272          0          0       1428   m_ps.l
      4214        168        133          4          0       2024   mc_p.l
      2200         34          0          0          0       1732   mf_p.l

    ----------------------------------------------------------------------
     10534        644        408          4          0       5184   Library Totals

    ----------------------------------------------------------------------

==============================================================================


      Code (inc. data)   RO Data    RW Data    ZI Data      Debug   

     28936       1876        840        448       1672     380059   Grand Totals
     28936       1876        840        448       1672     380059   ELF Image Totals
     28936       1876        840        448          0          0   ROM Totals

==============================================================================

    Total RO  Size (Code + RO Data)                29776 (  29.08kB)
    Total RW  Size (RW Data + ZI Data)              2120 (   2.07kB)
    Total ROM Size (Code + RO Data + RW Data)      30224 (  29.52kB)

==============================================================================

